Component: ARM Compiler 5.06 update 5 (build 528) Tool: armlink [4d35e2]

==============================================================================

Section Cross References

    startup_stm32g431xx.o(STACK) refers (Special) to heapauxi.o(.text) for __use_two_region_memory
    startup_stm32g431xx.o(HEAP) refers (Special) to heapauxi.o(.text) for __use_two_region_memory
    startup_stm32g431xx.o(RESET) refers (Special) to heapauxi.o(.text) for __use_two_region_memory
    startup_stm32g431xx.o(RESET) refers to startup_stm32g431xx.o(STACK) for __initial_sp
    startup_stm32g431xx.o(RESET) refers to startup_stm32g431xx.o(.text) for Reset_Handler
    startup_stm32g431xx.o(RESET) refers to stm32g4xx_it.o(i.NMI_Handler) for NMI_Handler
    startup_stm32g431xx.o(RESET) refers to stm32g4xx_it.o(i.HardFault_Handler) for HardFault_Handler
    startup_stm32g431xx.o(RESET) refers to stm32g4xx_it.o(i.MemManage_Handler) for MemManage_Handler
    startup_stm32g431xx.o(RESET) refers to stm32g4xx_it.o(i.BusFault_Handler) for BusFault_Handler
    startup_stm32g431xx.o(RESET) refers to stm32g4xx_it.o(i.UsageFault_Handler) for UsageFault_Handler
    startup_stm32g431xx.o(RESET) refers to stm32g4xx_it.o(i.SVC_Handler) for SVC_Handler
    startup_stm32g431xx.o(RESET) refers to stm32g4xx_it.o(i.DebugMon_Handler) for DebugMon_Handler
    startup_stm32g431xx.o(RESET) refers to stm32g4xx_it.o(i.PendSV_Handler) for PendSV_Handler
    startup_stm32g431xx.o(RESET) refers to stm32g4xx_it.o(i.SysTick_Handler) for SysTick_Handler
    startup_stm32g431xx.o(RESET) refers to stm32g4xx_it.o(i.DMA1_Channel1_IRQHandler) for DMA1_Channel1_IRQHandler
    startup_stm32g431xx.o(RESET) refers to stm32g4xx_it.o(i.DMA1_Channel2_IRQHandler) for DMA1_Channel2_IRQHandler
    startup_stm32g431xx.o(RESET) refers to stm32g4xx_it.o(i.USART2_IRQHandler) for USART2_IRQHandler
    startup_stm32g431xx.o(.text) refers (Special) to heapauxi.o(.text) for __use_two_region_memory
    startup_stm32g431xx.o(.text) refers to system_stm32g4xx.o(i.SystemInit) for SystemInit
    startup_stm32g431xx.o(.text) refers to __main.o(!!!main) for __main
    startup_stm32g431xx.o(.text) refers to startup_stm32g431xx.o(HEAP) for Heap_Mem
    startup_stm32g431xx.o(.text) refers to startup_stm32g431xx.o(STACK) for Stack_Mem
    as5600.o(i.AS5600_Read_Reg) refers to stm32g4xx_hal_i2c.o(i.HAL_I2C_Mem_Read) for HAL_I2C_Mem_Read
    as5600.o(i.AS5600_Read_Reg) refers to i2c.o(.bss) for hi2c1
    as5600.o(i.AS5600_Write_Reg) refers to stm32g4xx_hal_i2c.o(i.HAL_I2C_Mem_Write) for HAL_I2C_Mem_Write
    as5600.o(i.AS5600_Write_Reg) refers to i2c.o(.bss) for hi2c1
    as5600.o(i.AS5600_Write_Regs) refers to stm32g4xx_hal_i2c.o(i.HAL_I2C_Mem_Write) for HAL_I2C_Mem_Write
    as5600.o(i.AS5600_Write_Regs) refers to i2c.o(.bss) for hi2c1
    as5600.o(i.Sensor_AS5600_Calculate_rotations) refers to as5600.o(i.getAngle_Without_track) for getAngle_Without_track
    as5600.o(i.Sensor_AS5600_Calculate_rotations) refers to as5600.o(.data) for .data
    as5600.o(i.Sensor_AS5600getTotalAngle) refers to as5600.o(.data) for .data
    as5600.o(i.Sensor_AS5600getVelocity) refers to main.o(i.micros) for micros
    as5600.o(i.Sensor_AS5600getVelocity) refers to dflt_clz.o(x$fpl$dfltu) for __aeabi_ui2d
    as5600.o(i.Sensor_AS5600getVelocity) refers to dmul.o(x$fpl$dmul) for __aeabi_dmul
    as5600.o(i.Sensor_AS5600getVelocity) refers to d2f.o(x$fpl$d2f) for __aeabi_d2f
    as5600.o(i.Sensor_AS5600getVelocity) refers to as5600.o(.data) for .data
    as5600.o(i.getAngle_Without_track) refers to as5600.o(i.AS5600_Read_Reg) for AS5600_Read_Reg
    electricity.o(i.calculate_current) refers to foc.o(i.find_cos_in_table) for find_cos_in_table
    electricity.o(i.calculate_current) refers to foc.o(i.find_sin_in_table) for find_sin_in_table
    electricity.o(i.calculate_current) refers to adc.o(.bss) for hadc2
    electricity.o(i.calculate_current) refers to main.o(.bss) for adc_value
    electricity.o(i.calculate_current) refers to electricity.o(.data) for .data
    electricity.o(i.calculate_current) refers to foc.o(.data) for current_opamp_gain
    electricity.o(i.electricity_init) refers to stm32g4xx_hal.o(i.HAL_Delay) for HAL_Delay
    electricity.o(i.electricity_init) refers to adc.o(.bss) for hadc2
    electricity.o(i.electricity_init) refers to main.o(.bss) for adc_value
    electricity.o(i.electricity_init) refers to electricity.o(.data) for .data
    foc.o(i.FOC_clark_park) refers to foc.o(i._normalizeAngle) for _normalizeAngle
    foc.o(i.FOC_clark_park) refers to f2d.o(x$fpl$f2d) for __aeabi_f2d
    foc.o(i.FOC_clark_park) refers to floor.o(i.__hardfp_floor) for __hardfp_floor
    foc.o(i.FOC_clark_park) refers to daddsub_clz.o(x$fpl$dadd) for __aeabi_dadd
    foc.o(i.FOC_clark_park) refers to dfix.o(x$fpl$dfix) for __aeabi_d2iz
    foc.o(i.FOC_clark_park) refers to sin.o(i.__hardfp_sin) for __hardfp_sin
    foc.o(i.FOC_clark_park) refers to dmul.o(x$fpl$dmul) for __aeabi_dmul
[...]
    .constdata                               0x0800f530   Section       24  stm32g4xx_hal_uart.o(.constdata)
    .constdata                               0x0800f548   Section       16  stm32g4xx_hal_uart_ex.o(.constdata)
    numerator                                0x0800f548   Data           8  stm32g4xx_hal_uart_ex.o(.constdata)
    denominator                              0x0800f550   Data           8  stm32g4xx_hal_uart_ex.o(.constdata)
    .constdata                               0x0800f558   Section       16  system_stm32g4xx.o(.constdata)
    .constdata                               0x0800f568   Section        8  system_stm32g4xx.o(.constdata)
    .constdata                               0x0800f570   Section       48  cos_i.o(.constdata)
    C                                        0x0800f570   Data          48  cos_i.o(.constdata)
    .constdata                               0x0800f5a0   Section      200  rred.o(.constdata)
    pio2s                                    0x0800f5a0   Data          48  rred.o(.constdata)
    twooverpi                                0x0800f5d0   Data         152  rred.o(.constdata)
    .constdata                               0x0800f668   Section       40  sin_i.o(.constdata)
    S                                        0x0800f668   Data          40  sin_i.o(.constdata)
    .data                                    0x20000000   Section       24  electricity.o(.data)
    .data                                    0x20000018   Section      188  foc.o(.data)
    .data                                    0x200000d4   Section       28  as5047p.o(.data)
    .data                                    0x200000f0   Section       24  main.o(.data)
    .data                                    0x20000108   Section        4  usart.o(.data)
    .data                                    0x2000010c   Section       12  stm32g4xx_hal.o(.data)
    .data                                    0x20000118   Section        4  system_stm32g4xx.o(.data)
    .bss                                     0x2000011c   Section       16  main.o(.bss)
    .bss                                     0x2000012c   Section       16  main.o(.bss)
    .bss                                     0x2000013c   Section       12  main.o(.bss)
    .bss                                     0x20000148   Section      108  adc.o(.bss)
    .bss                                     0x200001b4   Section       40  cordic.o(.bss)
    .bss                                     0x200001dc   Section      100  fdcan.o(.bss)
    .bss                                     0x20000240   Section       56  fmac.o(.bss)
    .bss                                     0x20000278   Section       84  i2c.o(.bss)
    .bss                                     0x200002cc   Section      100  spi.o(.bss)
    .bss                                     0x20000330   Section      152  tim.o(.bss)
    .bss                                     0x200003c8   Section      340  usart.o(.bss)
    .bss                                     0x2000051c   Section       96  libspace.o(.bss)
    HEAP                                     0x20000580   Section      512  startup_stm32g431xx.o(HEAP)
    Heap_Mem                                 0x20000580   Data         512  startup_stm32g431xx.o(HEAP)
    STACK                                    0x20000780   Section     1024  startup_stm32g431xx.o(STACK)
    Stack_Mem                                0x20000780   Data        1024  startup_stm32g431xx.o(STACK)
    __initial_sp                             0x20000b80   Data           0  startup_stm32g431xx.o(STACK)

    Global Symbols

    Symbol Name                              Value     Ov Type        Size  Object(Section)

    BuildAttributes$$THM_ISAv4$E$P$D$K$B$S$7EM$VFPi3$EXTD16$VFPS$VFMA$PE$A:L22UL41UL21$X:L11$S22US41US21$IEEE1$IW$USESV6$~STKCKD$USESV7$~SHL$OTIME$ROPI$IEEEX$EBA8$UX$STANDARDLIB$REQ8$PRES8$EABIv2 0x00000000   Number         0  anon$$obj.o ABSOLUTE
    __ARM_use_no_argv                        0x00000000   Number         0  main.o ABSOLUTE
    __ARM_exceptions_init                     - Undefined Weak Reference
    __alloca_initialize                       - Undefined Weak Reference
    __arm_preinit_                            - Undefined Weak Reference
    __cpp_initialize__aeabi_                  - Undefined Weak Reference
    __cxa_finalize                            - Undefined Weak Reference
    __rt_locale                               - Undefined Weak Reference
    __sigvec_lookup                           - Undefined Weak Reference
    _atexit_init                              - Undefined Weak Reference
    _call_atexit_fns                          - Undefined Weak Reference
    _clock_init                               - Undefined Weak Reference
    _fp_trap_init                             - Undefined Weak Reference
    _fp_trap_shutdown                         - Undefined Weak Reference
    _get_lc_collate                           - Undefined Weak Reference
    _get_lc_ctype                             - Undefined Weak Reference
    _get_lc_monetary                          - Undefined Weak Reference
    _get_lc_numeric                           - Undefined Weak Reference
    _get_lc_time                              - Undefined Weak Reference
    _getenv_init                              - Undefined Weak Reference
    _handle_redirection                       - Undefined Weak Reference
    _init_alloc                               - Undefined Weak Reference
    _init_user_alloc                          - Undefined Weak Reference
    _initio                                   - Undefined Weak Reference
    _rand_init                                - Undefined Weak Reference
    _signal_finish                            - Undefined Weak Reference
    _signal_init                              - Undefined Weak Reference
    _terminate_alloc                          - Undefined Weak Reference
    _terminate_user_alloc                     - Undefined Weak Reference
    _terminateio                              - Undefined Weak Reference
    __Vectors_Size                           0x000001d8   Number         0  startup_stm32g431xx.o ABSOLUTE
    __Vectors                                0x08000000   Data           4  startup_stm32g431xx.o(RESET)
    __Vectors_End                            0x080001d8   Data           0  startup_stm32g431xx.o(RESET)
    __main                                   0x080001d9   Thumb Code     8  __main.o(!!!main)
    __scatterload                            0x080001e1   Thumb Code     0  __scatter.o(!!!scatter)
    __scatterload_rt2                        0x080001e1   Thumb Code    44  __scatter.o(!!!scatter)
    __scatterload_rt2_thumb_only             0x080001e1   Thumb Code     0  __scatter.o(!!!scatter)
    __scatterload_null                       0x080001ef   Thumb Code     0  __scatter.o(!!!scatter)
    __scatterload_copy                       0x08000215   Thumb Code    26  __scatter_copy.o(!!handler_copy)
    __scatterload_zeroinit                   0x08000231   Thumb Code    28  __scatter_zi.o(!!handler_zi)
    __rt_lib_init                            0x0800024d   Thumb Code     0  libinit.o(.ARM.Collect$$libinit$$00000000)
    __rt_lib_init_fp_1                       0x0800024f   Thumb Code     0  libinit2.o(.ARM.Collect$$libinit$$00000001)
    __rt_lib_init_alloca_1                   0x08000253   Thumb Code     0  libinit2.o(.ARM.Collect$$libinit$$0000002E)
    __rt_lib_init_argv_1                     0x08000253   Thumb Code     0  libinit2.o(.ARM.Collect$$libinit$$0000002C)
    __rt_lib_init_atexit_1                   0x08000253   Thumb Code     0  libinit2.o(.ARM.Collect$$libinit$$0000001B)
    __rt_lib_init_clock_1                    0x08000253   Thumb Code     0  libinit2.o(.ARM.Collect$$libinit$$00000021)
    __rt_lib_init_cpp_1                      0x08000253   Thumb Code     0  libinit2.o(.ARM.Collect$$libinit$$00000032)
    __rt_lib_init_exceptions_1               0x08000253   Thumb Code     0  libinit2.o(.ARM.Collect$$libinit$$00000030)
    __rt_lib_init_fp_trap_1                  0x08000253   Thumb Code     0  libinit2.o(.ARM.Collect$$libinit$$0000001F)
    __rt_lib_init_getenv_1                   0x08000253   Thumb Code     0  libinit2.o(.ARM.Collect$$libinit$$00000023)
    __rt_lib_init_heap_1                     0x08000253   Thumb Code     0  libinit2.o(.ARM.Collect$$libinit$$0000000A)
    __rt_lib_init_lc_collate_1               0x08000253   Thumb Code     0  libinit2.o(.ARM.Collect$$libinit$$00000011)
    __rt_lib_init_lc_ctype_1                 0x08000253   Thumb Code     0  libinit2.o(.ARM.Collect$$libinit$$00000013)
    __rt_lib_init_lc_monetary_1              0x08000253   Thumb Code     0  libinit2.o(.ARM.Collect$$libinit$$00000015)
    __rt_lib_init_lc_numeric_1               0x08000253   Thumb Code     0  libinit2.o(.ARM.Collect$$libinit$$00000017)
    __rt_lib_init_lc_time_1                  0x08000253   Thumb Code     0  libinit2.o(.ARM.Collect$$libinit$$00000019)
    __rt_lib_init_preinit_1                  0x08000253   Thumb Code     0  libinit2.o(.ARM.Collect$$libinit$$00000004)
    __rt_lib_init_rand_1                     0x08000253   Thumb Code     0  libinit2.o(.ARM.Collect$$libinit$$0000000E)
    __rt_lib_init_return                     0x08000253   Thumb Code     0  libinit2.o(.ARM.Collect$$libinit$$00000033)
    __rt_lib_init_signal_1                   0x08000253   Thumb Code     0  libinit2.o(.ARM.Collect$$libinit$$0000001D)
    __rt_lib_init_stdio_1                    0x08000253   Thumb Code     0  libinit2.o(.ARM.Collect$$libinit$$00000025)
    __rt_lib_init_user_alloc_1               0x08000253   Thumb Code     0  libinit2.o(.ARM.Collect$$libinit$$0000000C)
    __rt_lib_shutdown                        0x08000255   Thumb Code     0  libshutdown.o(.ARM.Collect$$libshutdown$$00000000)
    __rt_lib_shutdown_cpp_1                  0x08000257   Thumb Code     0  libshutdown2.o(.ARM.Collect$$libshutdown$$00000002)
    __rt_lib_shutdown_fp_trap_1              0x08000257   Thumb Code     0  libshutdown2.o(.ARM.Collect$$libshutdown$$00000007)
    __rt_lib_shutdown_heap_1                 0x08000257   Thumb Code     0  libshutdown2.o(.ARM.Collect$$libshutdown$$0000000F)
    __rt_lib_shutdown_return                 0x08000257   Thumb Code     0  libshutdown2.o(.ARM.Collect$$libshutdown$$00000010)
    __rt_lib_shutdown_signal_1               0x08000257   Thumb Code     0  libshutdown2.o(.ARM.Collect$$libshutdown$$0000000A)
    __rt_lib_shutdown_stdio_1                0x08000257   Thumb Code     0  libshutdown2.o(.ARM.Collect$$libshutdown$$00000004)
    __rt_lib_shutdown_user_alloc_1           0x08000257   Thumb Code     0  libshutdown2.o(.ARM.Collect$$libshutdown$$0000000C)
    __rt_entry                               0x08000259   Thumb Code     0  __rtentry.o(.ARM.Collect$$rtentry$$00000000)
    __rt_entry_presh_1                       0x08000259   Thumb Code     0  __rtentry2.o(.ARM.Collect$$rtentry$$00000002)
    __rt_entry_sh                            0x08000259   Thumb Code     0  __rtentry4.o(.ARM.Collect$$rtentry$$00000004)
    __rt_entry_li                            0x0800025f   Thumb Code     0  __rtentry2.o(.ARM.Collect$$rtentry$$0000000A)
    __rt_entry_postsh_1                      0x0800025f   Thumb Code     0  __rtentry2.o(.ARM.Collect$$rtentry$$00000009)
    __rt_entry_main                          0x08000263   Thumb Code     0  __rtentry2.o(.ARM.Collect$$rtentry$$0000000D)
    __rt_entry_postli_1                      0x08000263   Thumb Code     0  __rtentry2.o(.ARM.Collect$$rtentry$$0000000C)
    __rt_exit                                0x0800026b   Thumb Code     0  rtexit.o(.ARM.Collect$$rtexit$$00000000)
    __rt_exit_ls                             0x0800026d   Thumb Code     0  rtexit2.o(.ARM.Collect$$rtexit$$00000003)
    __rt_exit_prels_1                        0x0800026d   Thumb Code     0  rtexit2.o(.ARM.Collect$$rtexit$$00000002)
    __rt_exit_exit                           0x08000271   Thumb Code     0  rtexit2.o(.ARM.Collect$$rtexit$$00000004)
    Reset_Handler                            0x08000279   Thumb Code     8  startup_stm32g431xx.o(.text)
    ADC1_2_IRQHandler                        0x08000293   Thumb Code     0  startup_stm32g431xx.o(.text)
    COMP1_2_3_IRQHandler                     0x08000293   Thumb Code     0  startup_stm32g431xx.o(.text)
    COMP4_IRQHandler                         0x08000293   Thumb Code     0  startup_stm32g431xx.o(.text)
    CORDIC_IRQHandler                        0x08000293   Thumb Code     0  startup_stm32g431xx.o(.text)
    CRS_IRQHandler                           0x08000293   Thumb Code     0  startup_stm32g431xx.o(.text)
    DMA1_Channel3_IRQHandler                 0x08000293   Thumb Code     0  startup_stm32g431xx.o(.text)
    DMA1_Channel4_IRQHandler                 0x08000293   Thumb Code     0  startup_stm32g431xx.o(.text)
    DMA1_Channel5_IRQHandler                 0x08000293   Thumb Code     0  startup_stm32g431xx.o(.text)
    DMA1_Channel6_IRQHandler                 0x08000293   Thumb Code     0  startup_stm32g431xx.o(.text)
    DMA2_Channel1_IRQHandler                 0x08000293   Thumb Code     0  startup_stm32g431xx.o(.text)
    DMA2_Channel2_IRQHandler                 0x08000293   Thumb Code     0  startup_stm32g431xx.o(.text)
    DMA2_Channel3_IRQHandler                 0x08000293   Thumb Code     0  startup_stm32g431xx.o(.text)
    DMA2_Channel4_IRQHandler                 0x08000293   Thumb Code     0  startup_stm32g431xx.o(.text)
    DMA2_Channel5_IRQHandler                 0x08000293   Thumb Code     0  startup_stm32g431xx.o(.text)
    DMA2_Channel6_IRQHandler                 0x08000293   Thumb Code     0  startup_stm32g431xx.o(.text)
    DMAMUX_OVR_IRQHandler                    0x08000293   Thumb Code     0  startup_stm32g431xx.o(.text)
    EXTI0_IRQHandler                         0x08000293   Thumb Code     0  startup_stm32g431xx.o(.text)
    EXTI15_10_IRQHandler                     0x08000293   Thumb Code     0  startup_stm32g431xx.o(.text)
    EXTI1_IRQHandler                         0x08000293   Thumb Code     0  startup_stm32g431xx.o(.text)
    EXTI2_IRQHandler                         0x08000293   Thumb Code     0  startup_stm32g431xx.o(.text)
    EXTI3_IRQHandler                         0x08000293   Thumb Code     0  startup_stm32g431xx.o(.text)
    EXTI4_IRQHandler                         0x08000293   Thumb Code     0  startup_stm32g431xx.o(.text)
    EXTI9_5_IRQHandler                       0x08000293   Thumb Code     0  startup_stm32g431xx.o(.text)
    FDCAN1_IT0_IRQHandler                    0x08000293   Thumb Code     0  startup_stm32g431xx.o(.text)
    FDCAN1_IT1_IRQHandler                    0x08000293   Thumb Code     0  startup_stm32g431xx.o(.text)
    FLASH_IRQHandler                         0x08000293   Thumb Code     0  startup_stm32g431xx.o(.text)
    FMAC_IRQHandler                          0x08000293   Thumb Code     0  startup_stm32g431xx.o(.text)
    FPU_IRQHandler                           0x08000293   Thumb Code     0  startup_stm32g431xx.o(.text)
    I2C1_ER_IRQHandler                       0x08000293   Thumb Code     0  startup_stm32g431xx.o(.text)
    I2C1_EV_IRQHandler                       0x08000293   Thumb Code     0  startup_stm32g431xx.o(.text)
    I2C2_ER_IRQHandler                       0x08000293   Thumb Code     0  startup_stm32g431xx.o(.text)
    I2C2_EV_IRQHandler                       0x08000293   Thumb Code     0  startup_stm32g431xx.o(.text)
    I2C3_ER_IRQHandler                       0x08000293   Thumb Code     0  startup_stm32g431xx.o(.text)
    I2C3_EV_IRQHandler                       0x08000293   Thumb Code     0  startup_stm32g431xx.o(.text)
    LPTIM1_IRQHandler                        0x08000293   Thumb Code     0  startup_stm32g431xx.o(.text)
    LPUART1_IRQHandler                       0x08000293   Thumb Code     0  startup_stm32g431xx.o(.text)
    PVD_PVM_IRQHandler                       0x08000293   Thumb Code     0  startup_stm32g431xx.o(.text)
    RCC_IRQHandler                           0x08000293   Thumb Code     0  startup_stm32g431xx.o(.text)
    RNG_IRQHandler                           0x08000293   Thumb Code     0  startup_stm32g431xx.o(.text)
    RTC_Alarm_IRQHandler                     0x08000293   Thumb Code     0  startup_stm32g431xx.o(.text)
    RTC_TAMP_LSECSS_IRQHandler               0x08000293   Thumb Code     0  startup_stm32g431xx.o(.text)
    RTC_WKUP_IRQHandler                      0x08000293   Thumb Code     0  startup_stm32g431xx.o(.text)
    SAI1_IRQHandler                          0x08000293   Thumb Code     0  startup_stm32g431xx.o(.text)
    SPI1_IRQHandler                          0x08000293   Thumb Code     0  startup_stm32g431xx.o(.text)
    SPI2_IRQHandler                          0x08000293   Thumb Code     0  startup_stm32g431xx.o(.text)
    SPI3_IRQHandler                          0x08000293   Thumb Code     0  startup_stm32g431xx.o(.text)
    TIM1_BRK_TIM15_IRQHandler                0x08000293   Thumb Code     0  startup_stm32g431xx.o(.text)
    TIM1_CC_IRQHandler                       0x08000293   Thumb Code     0  startup_stm32g431xx.o(.text)
    TIM1_TRG_COM_TIM17_IRQHandler            0x08000293   Thumb Code     0  startup_stm32g431xx.o(.text)
    TIM1_UP_TIM16_IRQHandler                 0x08000293   Thumb Code     0  startup_stm32g431xx.o(.text)
    TIM2_IRQHandler                          0x08000293   Thumb Code     0  startup_stm32g431xx.o(.text)
    TIM3_IRQHandler                          0x08000293   Thumb Code     0  startup_stm32g431xx.o(.text)
    TIM4_IRQHandler                          0x08000293   Thumb Code     0  startup_stm32g431xx.o(.text)
    TIM6_DAC_IRQHandler                      0x08000293   Thumb Code     0  startup_stm32g431xx.o(.text)
    TIM7_IRQHandler                          0x08000293   Thumb Code     0  startup_stm32g431xx.o(.text)
    TIM8_BRK_IRQHandler                      0x08000293   Thumb Code     0  startup_stm32g431xx.o(.text)
    TIM8_CC_IRQHandler                       0x08000293   Thumb Code     0  startup_stm32g431xx.o(.text)
    TIM8_TRG_COM_IRQHandler                  0x08000293   Thumb Code     0  startup_stm32g431xx.o(.text)
    TIM8_UP_IRQHandler                       0x08000293   Thumb Code     0  startup_stm32g431xx.o(.text)
    UART4_IRQHandler                         0x08000293   Thumb Code     0  startup_stm32g431xx.o(.text)
    UCPD1_IRQHandler                         0x08000293   Thumb Code     0  startup_stm32g431xx.o(.text)
    USART1_IRQHandler                        0x08000293   Thumb Code     0  startup_stm32g431xx.o(.text)
    USART3_IRQHandler                        0x08000293   Thumb Code     0  startup_stm32g431xx.o(.text)
    USBWakeUp_IRQHandler                     0x08000293   Thumb Code     0  startup_stm32g431xx.o(.text)
    USB_HP_IRQHandler                        0x08000293   Thumb Code     0  startup_stm32g431xx.o(.text)
    USB_LP_IRQHandler                        0x08000293   Thumb Code     0  startup_stm32g431xx.o(.text)
    WWDG_IRQHandler                          0x08000293   Thumb Code     0  startup_stm32g431xx.o(.text)
    __user_initial_stackheap                 0x08000295   Thumb Code     0  startup_stm32g431xx.o(.text)
    __aeabi_uldivmod                         0x080002b9   Thumb Code     0  lludivv7m.o(.text)
    _ll_udiv                                 0x080002b9   Thumb Code   238  lludivv7m.o(.text)
    __aeabi_memcpy                           0x080003a7   Thumb Code     0  rt_memcpy_v6.o(.text)
    __rt_memcpy                              0x080003a7   Thumb Code   138  rt_memcpy_v6.o(.text)
    _memcpy_lastbytes                        0x0800040d   Thumb Code     0  rt_memcpy_v6.o(.text)
    __aeabi_memcpy4                          0x08000431   Thumb Code     0  rt_memcpy_w.o(.text)
    __aeabi_memcpy8                          0x08000431   Thumb Code     0  rt_memcpy_w.o(.text)
    __rt_memcpy_w                            0x08000431   Thumb Code   100  rt_memcpy_w.o(.text)
    _memcpy_lastbytes_aligned                0x08000479   Thumb Code     0  rt_memcpy_w.o(.text)
    __aeabi_memclr                           0x08000495   Thumb Code     0  rt_memclr.o(.text)
    __rt_memclr                              0x08000495   Thumb Code    68  rt_memclr.o(.text)
    _memset                                  0x08000499   Thumb Code     0  rt_memclr.o(.text)
    __aeabi_memclr4                          0x080004d9   Thumb Code     0  rt_memclr_w.o(.text)
    __aeabi_memclr8                          0x080004d9   Thumb Code     0  rt_memclr_w.o(.text)
    __rt_memclr_w                            0x080004d9   Thumb Code    78  rt_memclr_w.o(.text)
    _memset_w                                0x080004dd   Thumb Code     0  rt_memclr_w.o(.text)
    __use_two_region_memory                  0x08000527   Thumb Code     2  heapauxi.o(.text)
    __rt_heap_escrow$2region                 0x08000529   Thumb Code     2  heapauxi.o(.text)
    __rt_heap_expand$2region                 0x0800052b   Thumb Code     2  heapauxi.o(.text)
    __read_errno                             0x0800052d   Thumb Code    10  _rserrno.o(.text)
    __set_errno                              0x08000537   Thumb Code    12  _rserrno.o(.text)
    __aeabi_errno_addr                       0x08000545   Thumb Code     8  rt_errno_addr_intlibspace.o(.text)
    __errno$intlibspace                      0x08000545   Thumb Code     0  rt_errno_addr_intlibspace.o(.text)
    __rt_errno_addr$intlibspace              0x08000545   Thumb Code     0  rt_errno_addr_intlibspace.o(.text)
    __user_libspace                          0x0800054d   Thumb Code     8  libspace.o(.text)
    __user_perproc_libspace                  0x0800054d   Thumb Code     0  libspace.o(.text)
    __user_perthread_libspace                0x0800054d   Thumb Code     0  libspace.o(.text)
    __user_setup_stackheap                   0x08000555   Thumb Code    74  sys_stackheap_outer.o(.text)
    exit                                     0x0800059f   Thumb Code    18  exit.o(.text)
    _sys_exit                                0x080005b1   Thumb Code     8  sys_exit.o(.text)
    __I$use$semihosting                      0x080005bd   Thumb Code     0  use_no_semi.o(.text)
    __use_no_semihosting_swi                 0x080005bd   Thumb Code     2  use_no_semi.o(.text)
    __semihosting_library_function           0x080005bf   Thumb Code     0  indicate_semi.o(.text)
    ADC_Disable                              0x080005c1   Thumb Code   106  stm32g4xx_hal_adc.o(i.ADC_Disable)
    ADC_Enable                               0x08000631   Thumb Code   154  stm32g4xx_hal_adc.o(i.ADC_Enable)
    AS5047P_get_rawdata                      0x080006dd   Thumb Code    80  as5047p.o(i.AS5047P_get_rawdata)
    BusFault_Handler                         0x08000731   Thumb Code     2  stm32g4xx_it.o(i.BusFault_Handler)
    DMA1_Channel1_IRQHandler                 0x08000735   Thumb Code     6  stm32g4xx_it.o(i.DMA1_Channel1_IRQHandler)
    DMA1_Channel2_IRQHandler                 0x08000741   Thumb Code     6  stm32g4xx_it.o(i.DMA1_Channel2_IRQHandler)
    DebugMon_Handler                         0x080007ef   Thumb Code     2  stm32g4xx_it.o(i.DebugMon_Handler)
    Enable_DWT_CycleCounter                  0x080007f1   Thumb Code    26  dwt.o(i.Enable_DWT_CycleCounter)
    Error_Handler                            0x08000815   Thumb Code     4  main.o(i.Error_Handler)
    FOC_clark_park                           0x0800088d   Thumb Code   468  foc.o(i.FOC_clark_park)
    FOC_setCurrent                           0x08000a91   Thumb Code   124  foc.o(i.FOC_setCurrent)
    HAL_ADCEx_Calibration_Start              0x08000b21   Thumb Code   138  stm32g4xx_hal_adc_ex.o(i.HAL_ADCEx_Calibration_Start)
    HAL_ADCEx_InjectedConfigChannel          0x08000bb5   Thumb Code  1264  stm32g4xx_hal_adc_ex.o(i.HAL_ADCEx_InjectedConfigChannel)
    HAL_ADCEx_InjectedStart                  0x080010cd   Thumb Code   220  stm32g4xx_hal_adc_ex.o(i.HAL_ADCEx_InjectedStart)
    HAL_ADC_ConfigChannel                    0x080011b5   Thumb Code  1006  stm32g4xx_hal_adc.o(i.HAL_ADC_ConfigChannel)
    HAL_ADC_Init                             0x080015d9   Thumb Code   466  stm32g4xx_hal_adc.o(i.HAL_ADC_Init)
    HAL_ADC_MspInit                          0x080017cd   Thumb Code   108  adc.o(i.HAL_ADC_MspInit)
    HAL_CORDIC_Init                          0x08001841   Thumb Code    52  stm32g4xx_hal_cordic.o(i.HAL_CORDIC_Init)
    HAL_CORDIC_MspInit                       0x08001875   Thumb Code    30  cordic.o(i.HAL_CORDIC_MspInit)
    HAL_DMA_Abort                            0x0800189d   Thumb Code   106  stm32g4xx_hal_dma.o(i.HAL_DMA_Abort)
    HAL_DMA_Abort_IT                         0x08001907   Thumb Code   120  stm32g4xx_hal_dma.o(i.HAL_DMA_Abort_IT)
    HAL_DMA_GetError                         0x0800197f   Thumb Code     4  stm32g4xx_hal_dma.o(i.HAL_DMA_GetError)
    HAL_DMA_IRQHandler                       0x08001983   Thumb Code   186  stm32g4xx_hal_dma.o(i.HAL_DMA_IRQHandler)
    HAL_DMA_Init                             0x08001a3d   Thumb Code   178  stm32g4xx_hal_dma.o(i.HAL_DMA_Init)
    HAL_DMA_Start_IT                         0x08001afd   Thumb Code   140  stm32g4xx_hal_dma.o(i.HAL_DMA_Start_IT)
    HAL_Delay                                0x08001b89   Thumb Code    32  stm32g4xx_hal.o(i.HAL_Delay)
    HAL_FDCAN_Init                           0x08001bad   Thumb Code   498  stm32g4xx_hal_fdcan.o(i.HAL_FDCAN_Init)
    HAL_FDCAN_MspInit                        0x08001db1   Thumb Code   116  fdcan.o(i.HAL_FDCAN_MspInit)
    HAL_FMAC_Init                            0x08001e2d   Thumb Code    84  stm32g4xx_hal_fmac.o(i.HAL_FMAC_Init)
    HAL_FMAC_MspInit                         0x08001e81   Thumb Code    30  fmac.o(i.HAL_FMAC_MspInit)
    HAL_GPIO_Init                            0x08001ea9   Thumb Code   550  stm32g4xx_hal_gpio.o(i.HAL_GPIO_Init)
    HAL_GPIO_WritePin                        0x080020f1   Thumb Code    10  stm32g4xx_hal_gpio.o(i.HAL_GPIO_WritePin)
    HAL_GetTick                              0x080020fd   Thumb Code     6  stm32g4xx_hal.o(i.HAL_GetTick)
    HAL_I2CEx_ConfigAnalogFilter             0x08002109   Thumb Code    86  stm32g4xx_hal_i2c_ex.o(i.HAL_I2CEx_ConfigAnalogFilter)
    HAL_I2CEx_ConfigDigitalFilter            0x0800215f   Thumb Code    82  stm32g4xx_hal_i2c_ex.o(i.HAL_I2CEx_ConfigDigitalFilter)
    HAL_I2CEx_EnableFastModePlus             0x080021b1   Thumb Code    30  stm32g4xx_hal_i2c_ex.o(i.HAL_I2CEx_EnableFastModePlus)
    HAL_I2C_Init                             0x080021d9   Thumb Code   184  stm32g4xx_hal_i2c.o(i.HAL_I2C_Init)
    HAL_I2C_MspInit                          0x08002295   Thumb Code   150  i2c.o(i.HAL_I2C_MspInit)
    HAL_IncTick                              0x08002339   Thumb Code    12  stm32g4xx_hal.o(i.HAL_IncTick)
    HAL_Init                                 0x08002349   Thumb Code    30  stm32g4xx_hal.o(i.HAL_Init)
    HAL_InitTick                             0x08002369   Thumb Code    58  stm32g4xx_hal.o(i.HAL_InitTick)
    HAL_MspInit                              0x080023ad   Thumb Code    42  stm32g4xx_hal_msp.o(i.HAL_MspInit)
    HAL_NVIC_EnableIRQ                       0x080023dd   Thumb Code    26  stm32g4xx_hal_cortex.o(i.HAL_NVIC_EnableIRQ)
    HAL_NVIC_SetPriority                     0x080023f9   Thumb Code    60  stm32g4xx_hal_cortex.o(i.HAL_NVIC_SetPriority)
    HAL_NVIC_SetPriorityGrouping             0x08002439   Thumb Code    26  stm32g4xx_hal_cortex.o(i.HAL_NVIC_SetPriorityGrouping)
    HAL_PWREx_ControlVoltageScaling          0x0800245d   Thumb Code   174  stm32g4xx_hal_pwr_ex.o(i.HAL_PWREx_ControlVoltageScaling)
    HAL_PWREx_DisableUCPDDeadBattery         0x08002519   Thumb Code    12  stm32g4xx_hal_pwr_ex.o(i.HAL_PWREx_DisableUCPDDeadBattery)
    HAL_RCCEx_PeriphCLKConfig                0x08002529   Thumb Code   638  stm32g4xx_hal_rcc_ex.o(i.HAL_RCCEx_PeriphCLKConfig)
    HAL_RCC_ClockConfig                      0x080027b1   Thumb Code   444  stm32g4xx_hal_rcc.o(i.HAL_RCC_ClockConfig)
    HAL_RCC_GetPCLK1Freq                     0x0800298d   Thumb Code    24  stm32g4xx_hal_rcc.o(i.HAL_RCC_GetPCLK1Freq)
    HAL_RCC_GetPCLK2Freq                     0x080029b1   Thumb Code    24  stm32g4xx_hal_rcc.o(i.HAL_RCC_GetPCLK2Freq)
    HAL_RCC_GetSysClockFreq                  0x080029d5   Thumb Code    98  stm32g4xx_hal_rcc.o(i.HAL_RCC_GetSysClockFreq)
    HAL_RCC_OscConfig                        0x08002a41   Thumb Code  1028  stm32g4xx_hal_rcc.o(i.HAL_RCC_OscConfig)
    HAL_SPI_Init                             0x08002e45   Thumb Code   234  stm32g4xx_hal_spi.o(i.HAL_SPI_Init)
    HAL_SPI_MspInit                          0x08002f31   Thumb Code    88  spi.o(i.HAL_SPI_MspInit)
    HAL_SPI_TransmitReceive                  0x08002f91   Thumb Code   626  stm32g4xx_hal_spi.o(i.HAL_SPI_TransmitReceive)
    HAL_SYSTICK_Config                       0x08003203   Thumb Code    40  stm32g4xx_hal_cortex.o(i.HAL_SYSTICK_Config)
    HAL_TIMEx_ConfigBreakDeadTime            0x0800322d   Thumb Code   148  stm32g4xx_hal_tim_ex.o(i.HAL_TIMEx_ConfigBreakDeadTime)
    HAL_TIMEx_EnableDeadTimePreload          0x080032c9   Thumb Code    14  stm32g4xx_hal_tim_ex.o(i.HAL_TIMEx_EnableDeadTimePreload)
    HAL_TIMEx_MasterConfigSynchronization    0x080032d9   Thumb Code   132  stm32g4xx_hal_tim_ex.o(i.HAL_TIMEx_MasterConfigSynchronization)
    HAL_TIMEx_PWMN_Start                     0x08003375   Thumb Code   158  stm32g4xx_hal_tim_ex.o(i.HAL_TIMEx_PWMN_Start)
    HAL_TIM_Base_Init                        0x0800342d   Thumb Code    98  stm32g4xx_hal_tim.o(i.HAL_TIM_Base_Init)
    HAL_TIM_Base_MspInit                     0x08003491   Thumb Code    30  tim.o(i.HAL_TIM_Base_MspInit)
    HAL_TIM_Base_Start                       0x080034b5   Thumb Code    84  stm32g4xx_hal_tim.o(i.HAL_TIM_Base_Start)
    HAL_TIM_ConfigClockSource                0x08003521   Thumb Code   246  stm32g4xx_hal_tim.o(i.HAL_TIM_ConfigClockSource)
    HAL_TIM_MspPostInit                      0x08003621   Thumb Code   136  tim.o(i.HAL_TIM_MspPostInit)
    HAL_TIM_PWM_ConfigChannel                0x080036b5   Thumb Code   292  stm32g4xx_hal_tim.o(i.HAL_TIM_PWM_ConfigChannel)
    HAL_TIM_PWM_Init                         0x080037d9   Thumb Code    98  stm32g4xx_hal_tim.o(i.HAL_TIM_PWM_Init)
    HAL_TIM_PWM_MspInit                      0x0800383d   Thumb Code    30  tim.o(i.HAL_TIM_PWM_MspInit)
    HAL_TIM_PWM_Start                        0x08003865   Thumb Code   218  stm32g4xx_hal_tim.o(i.HAL_TIM_PWM_Start)
    HAL_UARTEx_DisableFifoMode               0x08003961   Thumb Code    62  stm32g4xx_hal_uart_ex.o(i.HAL_UARTEx_DisableFifoMode)
    HAL_UARTEx_ReceiveToIdle_DMA             0x0800399f   Thumb Code    74  stm32g4xx_hal_uart_ex.o(i.HAL_UARTEx_ReceiveToIdle_DMA)
    HAL_UARTEx_RxEventCallback               0x080039e9   Thumb Code    58  usart.o(i.HAL_UARTEx_RxEventCallback)
    HAL_UARTEx_RxFifoFullCallback            0x08003a35   Thumb Code     2  stm32g4xx_hal_uart_ex.o(i.HAL_UARTEx_RxFifoFullCallback)
    HAL_UARTEx_SetRxFifoThreshold            0x08003a37   Thumb Code    76  stm32g4xx_hal_uart_ex.o(i.HAL_UARTEx_SetRxFifoThreshold)
    HAL_UARTEx_SetTxFifoThreshold            0x08003a83   Thumb Code    76  stm32g4xx_hal_uart_ex.o(i.HAL_UARTEx_SetTxFifoThreshold)
    HAL_UARTEx_TxFifoEmptyCallback           0x08003acf   Thumb Code     2  stm32g4xx_hal_uart_ex.o(i.HAL_UARTEx_TxFifoEmptyCallback)
    HAL_UARTEx_WakeupCallback                0x08003ad1   Thumb Code     2  stm32g4xx_hal_uart_ex.o(i.HAL_UARTEx_WakeupCallback)
    HAL_UART_DMAStop                         0x08003ad3   Thumb Code   148  stm32g4xx_hal_uart.o(i.HAL_UART_DMAStop)
    HAL_UART_ErrorCallback                   0x08003b67   Thumb Code     2  stm32g4xx_hal_uart.o(i.HAL_UART_ErrorCallback)
    HAL_UART_IRQHandler                      0x08003b69   Thumb Code   782  stm32g4xx_hal_uart.o(i.HAL_UART_IRQHandler)
    HAL_UART_Init                            0x08003e85   Thumb Code   106  stm32g4xx_hal_uart.o(i.HAL_UART_Init)
    HAL_UART_MspInit                         0x08003ef1   Thumb Code   220  usart.o(i.HAL_UART_MspInit)
    HAL_UART_RxCpltCallback                  0x08003fe1   Thumb Code     2  stm32g4xx_hal_uart.o(i.HAL_UART_RxCpltCallback)
    HAL_UART_RxHalfCpltCallback              0x08003fe3   Thumb Code     2  stm32g4xx_hal_uart.o(i.HAL_UART_RxHalfCpltCallback)
    HAL_UART_Transmit_DMA                    0x08003fe5   Thumb Code   132  stm32g4xx_hal_uart.o(i.HAL_UART_Transmit_DMA)
    HAL_UART_TxCpltCallback                  0x08004075   Thumb Code     2  stm32g4xx_hal_uart.o(i.HAL_UART_TxCpltCallback)
    HAL_UART_TxHalfCpltCallback              0x08004077   Thumb Code     2  stm32g4xx_hal_uart.o(i.HAL_UART_TxHalfCpltCallback)
    HardFault_Handler                        0x08004079   Thumb Code     2  stm32g4xx_it.o(i.HardFault_Handler)
    LowPass_Fillter                          0x08004111   Thumb Code   142  lowpass_fillter.o(i.LowPass_Fillter)
    MX_ADC2_Init                             0x080041ad   Thumb Code   202  adc.o(i.MX_ADC2_Init)
    MX_CORDIC_Init                           0x08004289   Thumb Code    28  cordic.o(i.MX_CORDIC_Init)
    MX_DMA_Init                              0x080042ad   Thumb Code    72  dma.o(i.MX_DMA_Init)
    MX_FDCAN1_Init                           0x080042f9   Thumb Code    66  fdcan.o(i.MX_FDCAN1_Init)
    MX_FMAC_Init                             0x08004345   Thumb Code    28  fmac.o(i.MX_FMAC_Init)
    MX_GPIO_Init                             0x08004369   Thumb Code   104  gpio.o(i.MX_GPIO_Init)
    MX_I2C1_Init                             0x080043d9   Thumb Code    80  i2c.o(i.MX_I2C1_Init)
    MX_SPI1_Init                             0x08004435   Thumb Code    70  spi.o(i.MX_SPI1_Init)
    MX_TIM1_Init                             0x08004485   Thumb Code   234  tim.o(i.MX_TIM1_Init)
    MX_TIM2_Init                             0x08004579   Thumb Code    96  tim.o(i.MX_TIM2_Init)
    MX_USART2_UART_Init                      0x080045dd   Thumb Code   114  usart.o(i.MX_USART2_UART_Init)
    MemManage_Handler                        0x0800465d   Thumb Code     2  stm32g4xx_it.o(i.MemManage_Handler)
    NMI_Handler                              0x0800465f   Thumb Code     2  stm32g4xx_it.o(i.NMI_Handler)
    PID                                      0x08004661   Thumb Code   296  pid.o(i.PID)
    PendSV_Handler                           0x08004791   Thumb Code     2  stm32g4xx_it.o(i.PendSV_Handler)
    SPI_AS5047P_Init                         0x08004793   Thumb Code    24  as5047p.o(i.SPI_AS5047P_Init)
    SPI_Send_Receive_Data                    0x080047f3   Thumb Code    62  as5047p.o(i.SPI_Send_Receive_Data)
    SVC_Handler                              0x080049c9   Thumb Code     2  stm32g4xx_it.o(i.SVC_Handler)
    Sensor_AS5047P_Calculate_rotations       0x080049cd   Thumb Code    90  as5047p.o(i.Sensor_AS5047P_Calculate_rotations)
    SysTick_Handler                          0x08004a39   Thumb Code     4  stm32g4xx_it.o(i.SysTick_Handler)
    SystemClock_Config                       0x08004a3d   Thumb Code   100  main.o(i.SystemClock_Config)
    SystemInit                               0x08004aa1   Thumb Code    12  system_stm32g4xx.o(i.SystemInit)
    TIM_Base_SetConfig                       0x08004ab1   Thumb Code   160  stm32g4xx_hal_tim.o(i.TIM_Base_SetConfig)
    TIM_CCxChannelCmd                        0x08004b6d   Thumb Code    26  stm32g4xx_hal_tim.o(i.TIM_CCxChannelCmd)
    TIM_ETR_SetConfig                        0x08004ba1   Thumb Code    20  stm32g4xx_hal_tim.o(i.TIM_ETR_SetConfig)
    TIM_OC2_SetConfig                        0x08004c65   Thumb Code   120  stm32g4xx_hal_tim.o(i.TIM_OC2_SetConfig)
    UART_AdvFeatureConfig                    0x08004f81   Thumb Code   200  stm32g4xx_hal_uart.o(i.UART_AdvFeatureConfig)
    UART_CheckIdleState                      0x08005049   Thumb Code   172  stm32g4xx_hal_uart.o(i.UART_CheckIdleState)
    UART_SetConfig                           0x080052cd   Thumb Code   582  stm32g4xx_hal_uart.o(i.UART_SetConfig)
    UART_Start_Receive_DMA                   0x08005541   Thumb Code   156  stm32g4xx_hal_uart.o(i.UART_Start_Receive_DMA)
    UART_WaitOnFlagUntilTimeout              0x080055e9   Thumb Code   148  stm32g4xx_hal_uart.o(i.UART_WaitOnFlagUntilTimeout)
    USART2_IRQHandler                        0x0800567d   Thumb Code     6  stm32g4xx_it.o(i.USART2_IRQHandler)
    UsageFault_Handler                       0x08005689   Thumb Code     2  stm32g4xx_it.o(i.UsageFault_Handler)
    __ARM_fpclassify                         0x0800568b   Thumb Code    48  fpclassify.o(i.__ARM_fpclassify)
    __hardfp_floor                           0x080056e1   Thumb Code   252  floor.o(i.__hardfp_floor)
    __hardfp_fmod                            0x080057f9   Thumb Code   254  fmod.o(i.__hardfp_fmod)
    __hardfp_sin                             0x08005901   Thumb Code   180  sin.o(i.__hardfp_sin)
    __ieee754_rem_pio2                       0x080059c9   Thumb Code   938  rred.o(i.__ieee754_rem_pio2)
    __kernel_cos                             0x08005e01   Thumb Code   322  cos_i.o(i.__kernel_cos)
    __kernel_poly                            0x08005f71   Thumb Code   248  poly.o(i.__kernel_poly)
    __kernel_sin                             0x08006069   Thumb Code   280  sin_i.o(i.__kernel_sin)
    __mathlib_dbl_infnan                     0x08006199   Thumb Code    20  dunder.o(i.__mathlib_dbl_infnan)
    __mathlib_dbl_invalid                    0x080061b1   Thumb Code    24  dunder.o(i.__mathlib_dbl_invalid)
    __mathlib_dbl_underflow                  0x080061d1   Thumb Code    24  dunder.o(i.__mathlib_dbl_underflow)
    _electricalAngle                         0x080061f1   Thumb Code    32  foc.o(i._electricalAngle)
    _normalizeAngle                          0x08006215   Thumb Code    54  foc.o(i._normalizeAngle)
    calculate_current                        0x08006259   Thumb Code   174  electricity.o(i.calculate_current)
    calculate_variety                        0x08006329   Thumb Code    28  foc.o(i.calculate_variety)
    check_even_bit                           0x08006355   Thumb Code    26  as5047p.o(i.check_even_bit)
    electricity_init                         0x08006371   Thumb Code   144  electricity.o(i.electricity_init)
    fabs                                     0x08006415   Thumb Code    24  fabs.o(i.fabs)
    fast_atof                                0x0800642d   Thumb Code   140  main.o(i.fast_atof)
    find_cos_in_table                        0x080064bd   Thumb Code    84  foc.o(i.find_cos_in_table)
    find_sin_in_table                        0x08006519   Thumb Code    84  foc.o(i.find_sin_in_table)
    getCurrent_fillter                       0x08006575   Thumb Code    34  foc.o(i.getCurrent_fillter)
    if_serial_receive_data                   0x080065a1   Thumb Code    32  main.o(i.if_serial_receive_data)
    main                                     0x080065d1   Thumb Code   338  main.o(i.main)
    micros                                   0x08006751   Thumb Code     8  main.o(i.micros)
    setMotor                                 0x0800675d   Thumb Code   118  foc.o(i.setMotor)
    setPwm                                   0x080067f1   Thumb Code   150  foc.o(i.setPwm)
    __aeabi_dneg                             0x0800689d   Thumb Code     0  basic.o(x$fpl$basic)
    _dneg                                    0x0800689d   Thumb Code     6  basic.o(x$fpl$basic)
    __aeabi_fneg                             0x080068a3   Thumb Code     0  basic.o(x$fpl$basic)
    _fneg                                    0x080068a3   Thumb Code     6  basic.o(x$fpl$basic)
    _dabs                                    0x080068a9   Thumb Code     6  basic.o(x$fpl$basic)
    _fabs                                    0x080068af   Thumb Code     6  basic.o(x$fpl$basic)
    __aeabi_d2f                              0x080068b5   Thumb Code     0  d2f.o(x$fpl$d2f)
    _d2f                                     0x080068b5   Thumb Code    98  d2f.o(x$fpl$d2f)
    __aeabi_dadd                             0x08006919   Thumb Code     0  daddsub_clz.o(x$fpl$dadd)
    _dadd                                    0x08006919   Thumb Code   332  daddsub_clz.o(x$fpl$dadd)
    __fpl_dcmp_Inf                           0x08006a69   Thumb Code    24  dcmpi.o(x$fpl$dcmpinf)
    __aeabi_ddiv                             0x08006a81   Thumb Code     0  ddiv.o(x$fpl$ddiv)
    _ddiv                                    0x08006a81   Thumb Code   552  ddiv.o(x$fpl$ddiv)
    __aeabi_d2iz                             0x08006d31   Thumb Code     0  dfix.o(x$fpl$dfix)
    _dfix                                    0x08006d31   Thumb Code    94  dfix.o(x$fpl$dfix)
    __aeabi_i2d                              0x08006d8f   Thumb Code     0  dflt_clz.o(x$fpl$dflt)
    _dflt                                    0x08006d8f   Thumb Code    46  dflt_clz.o(x$fpl$dflt)
    __aeabi_ui2d                             0x08006dbd   Thumb Code     0  dflt_clz.o(x$fpl$dfltu)
    _dfltu                                   0x08006dbd   Thumb Code    38  dflt_clz.o(x$fpl$dfltu)
    __aeabi_cdcmple                          0x08006de5   Thumb Code     0  dleqf.o(x$fpl$dleqf)
    _dcmple                                  0x08006de5   Thumb Code   120  dleqf.o(x$fpl$dleqf)
    __fpl_dcmple_InfNaN                      0x08006e47   Thumb Code     0  dleqf.o(x$fpl$dleqf)
    __aeabi_dmul                             0x08006e5d   Thumb Code     0  dmul.o(x$fpl$dmul)
    _dmul                                    0x08006e5d   Thumb Code   332  dmul.o(x$fpl$dmul)
    __fpl_dnaninf                            0x08006fb1   Thumb Code   156  dnaninf.o(x$fpl$dnaninf)
    _drem                                    0x0800704d   Thumb Code   328  drem_clz.o(x$fpl$drem)
    __fpl_dretinf                            0x0800719d   Thumb Code    12  dretinf.o(x$fpl$dretinf)
    __aeabi_cdrcmple                         0x080071a9   Thumb Code     0  drleqf.o(x$fpl$drleqf)
    _drcmple                                 0x080071a9   Thumb Code   108  drleqf.o(x$fpl$drleqf)
    __aeabi_drsub                            0x08007215   Thumb Code     0  daddsub_clz.o(x$fpl$drsb)
    _drsb                                    0x08007215   Thumb Code    22  daddsub_clz.o(x$fpl$drsb)
    __aeabi_dsub                             0x0800722d   Thumb Code     0  daddsub_clz.o(x$fpl$dsub)
    _dsub                                    0x0800722d   Thumb Code   464  daddsub_clz.o(x$fpl$dsub)
    __aeabi_f2d                              0x08007401   Thumb Code     0  f2d.o(x$fpl$f2d)
    _f2d                                     0x08007401   Thumb Code    86  f2d.o(x$fpl$f2d)
    __fpl_fnaninf                            0x08007457   Thumb Code   140  fnaninf.o(x$fpl$fnaninf)
    _fp_init                                 0x080074e3   Thumb Code    10  fpinit.o(x$fpl$fpinit)
    __fplib_config_fpu_vfp                   0x080074eb   Thumb Code     0  fpinit.o(x$fpl$fpinit)
    __fplib_config_pureend_doubles           0x080074eb   Thumb Code     0  fpinit.o(x$fpl$fpinit)
    __fpl_fretinf                            0x080074ed   Thumb Code    10  fretinf.o(x$fpl$fretinf)
    __I$use$fp                               0x080074f6   Number         0  usenofp.o(x$fpl$usenofp)
    cos_table                                0x080074f8   Data       16384  foc.o(.constdata)
    sin_table                                0x0800b4f8   Data       16384  foc.o(.constdata)
    UARTPrescTable                           0x0800f530   Data          24  stm32g4xx_hal_uart.o(.constdata)
    AHBPrescTable                            0x0800f558   Data          16  system_stm32g4xx.o(.constdata)
    APBPrescTable                            0x0800f568   Data           8  system_stm32g4xx.o(.constdata)
    Region$$Table$$Base                      0x0800f690   Number         0  anon$$obj.o(Region$$Table)
    Region$$Table$$Limit                     0x0800f6b0   Number         0  anon$$obj.o(Region$$Table)
    adc1_sum                                 0x20000000   Data           4  electricity.o(.data)
    adc2_sum                                 0x20000004   Data           4  electricity.o(.data)
    adc1_init                                0x20000008   Data           4  electricity.o(.data)
    adc2_init                                0x2000000c   Data           4  electricity.o(.data)
    current_a                                0x20000010   Data           4  electricity.o(.data)
    current_b                                0x20000014   Data           4  electricity.o(.data)
    raw_angle                                0x20000018   Data           2  foc.o(.data)
    zero_electric_angle                      0x2000001c   Data           4  foc.o(.data)
    PP                                       0x20000020   Data           4  foc.o(.data)
    DIR                                      0x20000024   Data           4  foc.o(.data)
    shaft_angle                              0x20000028   Data           4  foc.o(.data)
    open_loop_timestamp                      0x2000002c   Data           4  foc.o(.data)
    pid_output                               0x20000030   Data           4  foc.o(.data)
    current_opamp_gain                       0x20000034   Data           4  foc.o(.data)
    current_Rshunt_gain                      0x20000038   Data           4  foc.o(.data)
    voltage_power_supply_gain                0x2000003c   Data           4  foc.o(.data)
    angle                                    0x20000040   Data           4  foc.o(.data)
    velocity_fillter                         0x20000044   Data          12  foc.o(.data)
    electricity_fillter                      0x20000050   Data          12  foc.o(.data)
    velocity_PID                             0x2000005c   Data          40  foc.o(.data)
    angle_PID                                0x20000084   Data          40  foc.o(.data)
    current_PID                              0x200000ac   Data          40  foc.o(.data)
    angle_now                                0x200000d4   Data           4  as5047p.o(.data)
    angle_prev                               0x200000d8   Data           4  as5047p.o(.data)
    vel_angle_prev                           0x200000dc   Data           4  as5047p.o(.data)
    full_rotations                           0x200000e0   Data           4  as5047p.o(.data)
    full_prev_rotations                      0x200000e4   Data           4  as5047p.o(.data)
    angle_now_ts                             0x200000e8   Data           4  as5047p.o(.data)
    angle_prev_ts                            0x200000ec   Data           4  as5047p.o(.data)
    serial_targrt                            0x200000f0   Data           4  main.o(.data)
    serial_send_time                         0x200000f4   Data           4  main.o(.data)
    serial_send_time_prev                    0x200000f8   Data           4  main.o(.data)
    time                                     0x200000fc   Data           4  main.o(.data)
    last_time                                0x20000100   Data           4  main.o(.data)
    current_I                                0x20000104   Data           4  main.o(.data)
    rx_complete                              0x20000108   Data           1  usart.o(.data)
    rx_length                                0x2000010a   Data           2  usart.o(.data)
    uwTickPrio                               0x2000010c   Data           4  stm32g4xx_hal.o(.data)
    uwTickFreq                               0x20000110   Data           4  stm32g4xx_hal.o(.data)
    uwTick                                   0x20000114   Data           4  stm32g4xx_hal.o(.data)
    SystemCoreClock                          0x20000118   Data           4  system_stm32g4xx.o(.data)
    uart_rx_dma_buffer                       0x2000011c   Data          16  main.o(.bss)
    uart_dma_buffer                          0x2000012c   Data          16  main.o(.bss)
    adc_value                                0x2000013c   Data          12  main.o(.bss)
    hadc2                                    0x20000148   Data         108  adc.o(.bss)
    hcordic                                  0x200001b4   Data          40  cordic.o(.bss)
    hfdcan1                                  0x200001dc   Data         100  fdcan.o(.bss)
    hfmac                                    0x20000240   Data          56  fmac.o(.bss)
    hi2c1                                    0x20000278   Data          84  i2c.o(.bss)
    hspi1                                    0x200002cc   Data         100  spi.o(.bss)
    htim1                                    0x20000330   Data          76  tim.o(.bss)
    htim2                                    0x2000037c   Data          76  tim.o(.bss)
    huart2                                   0x200003c8   Data         148  usart.o(.bss)
    hdma_usart2_rx                           0x2000045c   Data          96  usart.o(.bss)
    hdma_usart2_tx                           0x200004bc   Data          96  usart.o(.bss)
    __libspace_start                         0x2000051c   Data          96  libspace.o(.bss)
    __temporary_stack_top$libspace           0x2000057c   Data           0  libspace.o(.bss)



==============================================================================

Memory Map of the image

  Image Entry point : 0x080001d9

  Load Region LR_IROM1 (Base: 0x08000000, Size: 0x0000f7cc, Max: 0x00020000, ABSOLUTE)

    Execution Region ER_IROM1 (Exec base: 0x08000000, Load base: 0x08000000, Size: 0x0000f6b0, Max: 0x00020000, ABSOLUTE)

    Exec Addr    Load Addr    Size         Type   Attr      Idx    E Section Name        Object

    0x08000000   0x08000000   0x000001d8   Data   RO            3    RESET               startup_stm32g431xx.o
    0x080001d8   0x080001d8   0x00000008   Code   RO         6513  * !!!main             c_w.l(__main.o)
    0x080001e0   0x080001e0   0x00000034   Code   RO         6800    !!!scatter          c_w.l(__scatter.o)
    0x08000214   0x08000214   0x0000001a   Code   RO         6802    !!handler_copy      c_w.l(__scatter_copy.o)
    0x0800022e   0x0800022e   0x00000002   PAD
    0x08000230   0x08000230   0x0000001c   Code   RO         6804    !!handler_zi        c_w.l(__scatter_zi.o)
    0x0800024c   0x0800024c   0x00000002   Code   RO         6671    .ARM.Collect$$libinit$$00000000  c_w.l(libinit.o)
    0x0800024e   0x0800024e   0x00000004   Code   RO         6682    .ARM.Collect$$libinit$$00000001  c_w.l(libinit2.o)
    0x08000252   0x08000252   0x00000000   Code   RO         6685    .ARM.Collect$$libinit$$00000004  c_w.l(libinit2.o)
    0x08000252   0x08000252   0x00000000   Code   RO         6688    .ARM.Collect$$libinit$$0000000A  c_w.l(libinit2.o)
    0x08000252   0x08000252   0x00000000   Code   RO         6690    .ARM.Collect$$libinit$$0000000C  c_w.l(libinit2.o)
    0x08000252   0x08000252   0x00000000   Code   RO         6692    .ARM.Collect$$libinit$$0000000E  c_w.l(libinit2.o)
    0x08000252   0x08000252   0x00000000   Code   RO         6695    .ARM.Collect$$libinit$$00000011  c_w.l(libinit2.o)
    0x08000252   0x08000252   0x00000000   Code   RO         6697    .ARM.Collect$$libinit$$00000013  c_w.l(libinit2.o)
    0x08000252   0x08000252   0x00000000   Code   RO         6699    .ARM.Collect$$libinit$$00000015  c_w.l(libinit2.o)
    0x08000252   0x08000252   0x00000000   Code   RO         6701    .ARM.Collect$$libinit$$00000017  c_w.l(libinit2.o)
    0x08000252   0x08000252   0x00000000   Code   RO         6703    .ARM.Collect$$libinit$$00000019  c_w.l(libinit2.o)
    0x08000252   0x08000252   0x00000000   Code   RO         6705    .ARM.Collect$$libinit$$0000001B  c_w.l(libinit2.o)
    0x08000252   0x08000252   0x00000000   Code   RO         6707    .ARM.Collect$$libinit$$0000001D  c_w.l(libinit2.o)
    0x08000252   0x08000252   0x00000000   Code   RO         6709    .ARM.Collect$$libinit$$0000001F  c_w.l(libinit2.o)
    0x08000252   0x08000252   0x00000000   Code   RO         6711    .ARM.Collect$$libinit$$00000021  c_w.l(libinit2.o)
    0x08000252   0x08000252   0x00000000   Code   RO         6713    .ARM.Collect$$libinit$$00000023  c_w.l(libinit2.o)
    0x08000252   0x08000252   0x00000000   Code   RO         6715    .ARM.Collect$$libinit$$00000025  c_w.l(libinit2.o)
    0x08000252   0x08000252   0x00000000   Code   RO         6719    .ARM.Collect$$libinit$$0000002C  c_w.l(libinit2.o)
    0x08000252   0x08000252   0x00000000   Code   RO         6721    .ARM.Collect$$libinit$$0000002E  c_w.l(libinit2.o)
    0x08000252   0x08000252   0x00000000   Code   RO         6723    .ARM.Collect$$libinit$$00000030  c_w.l(libinit2.o)
    0x08000252   0x08000252   0x00000000   Code   RO         6725    .ARM.Collect$$libinit$$00000032  c_w.l(libinit2.o)
    0x08000252   0x08000252   0x00000002   Code   RO         6726    .ARM.Collect$$libinit$$00000033  c_w.l(libinit2.o)
    0x08000254   0x08000254   0x00000002   Code   RO         6757    .ARM.Collect$$libshutdown$$00000000  c_w.l(libshutdown.o)
    0x08000256   0x08000256   0x00000000   Code   RO         6783    .ARM.Collect$$libshutdown$$00000002  c_w.l(libshutdown2.o)
    0x08000256   0x08000256   0x00000000   Code   RO         6785    .ARM.Collect$$libshutdown$$00000004  c_w.l(libshutdown2.o)
    0x08000256   0x08000256   0x00000000   Code   RO         6788    .ARM.Collect$$libshutdown$$00000007  c_w.l(libshutdown2.o)
    0x08000256   0x08000256   0x00000000   Code   RO         6791    .ARM.Collect$$libshutdown$$0000000A  c_w.l(libshutdown2.o)
    0x08000256   0x08000256   0x00000000   Code   RO         6793    .ARM.Collect$$libshutdown$$0000000C  c_w.l(libshutdown2.o)
    0x08000256   0x08000256   0x00000000   Code   RO         6796    .ARM.Collect$$libshutdown$$0000000F  c_w.l(libshutdown2.o)
    0x08000256   0x08000256   0x00000002   Code   RO         6797    .ARM.Collect$$libshutdown$$00000010  c_w.l(libshutdown2.o)
    0x08000258   0x08000258   0x00000000   Code   RO         6567    .ARM.Collect$$rtentry$$00000000  c_w.l(__rtentry.o)
    0x08000258   0x08000258   0x00000000   Code   RO         6618    .ARM.Collect$$rtentry$$00000002  c_w.l(__rtentry2.o)
    0x08000258   0x08000258   0x00000006   Code   RO         6630    .ARM.Collect$$rtentry$$00000004  c_w.l(__rtentry4.o)
    0x0800025e   0x0800025e   0x00000000   Code   RO         6620    .ARM.Collect$$rtentry$$00000009  c_w.l(__rtentry2.o)
    0x0800025e   0x0800025e   0x00000004   Code   RO         6621    .ARM.Collect$$rtentry$$0000000A  c_w.l(__rtentry2.o)
    0x08000262   0x08000262   0x00000000   Code   RO         6623    .ARM.Collect$$rtentry$$0000000C  c_w.l(__rtentry2.o)
    0x08000262   0x08000262   0x00000008   Code   RO         6624    .ARM.Collect$$rtentry$$0000000D  c_w.l(__rtentry2.o)
    0x0800026a   0x0800026a   0x00000002   Code   RO         6674    .ARM.Collect$$rtexit$$00000000  c_w.l(rtexit.o)
    0x0800026c   0x0800026c   0x00000000   Code   RO         6730    .ARM.Collect$$rtexit$$00000002  c_w.l(rtexit2.o)
    0x0800026c   0x0800026c   0x00000004   Code   RO         6731    .ARM.Collect$$rtexit$$00000003  c_w.l(rtexit2.o)
    0x08000270   0x08000270   0x00000006   Code   RO         6732    .ARM.Collect$$rtexit$$00000004  c_w.l(rtexit2.o)
    0x08000276   0x08000276   0x00000002   PAD
    0x08000278   0x08000278   0x00000040   Code   RO            4    .text               startup_stm32g431xx.o
    0x080002b8   0x080002b8   0x000000ee   Code   RO         6501    .text               c_w.l(lludivv7m.o)
    0x080003a6   0x080003a6   0x0000008a   Code   RO         6503    .text               c_w.l(rt_memcpy_v6.o)
    0x08000430   0x08000430   0x00000064   Code   RO         6505    .text               c_w.l(rt_memcpy_w.o)
    0x08000494   0x08000494   0x00000044   Code   RO         6507    .text               c_w.l(rt_memclr.o)
    0x080004d8   0x080004d8   0x0000004e   Code   RO         6509    .text               c_w.l(rt_memclr_w.o)
    0x08000526   0x08000526   0x00000006   Code   RO         6511    .text               c_w.l(heapauxi.o)
    0x0800052c   0x0800052c   0x00000016   Code   RO         6572    .text               c_w.l(_rserrno.o)
    0x08000542   0x08000542   0x00000002   PAD
    0x08000544   0x08000544   0x00000008   Code   RO         6637    .text               c_w.l(rt_errno_addr_intlibspace.o)
    0x0800054c   0x0800054c   0x00000008   Code   RO         6655    .text               c_w.l(libspace.o)
    0x08000554   0x08000554   0x0000004a   Code   RO         6658    .text               c_w.l(sys_stackheap_outer.o)
    0x0800059e   0x0800059e   0x00000012   Code   RO         6660    .text               c_w.l(exit.o)
    0x080005b0   0x080005b0   0x0000000c   Code   RO         6727    .text               c_w.l(sys_exit.o)
    0x080005bc   0x080005bc   0x00000002   Code   RO         6746    .text               c_w.l(use_no_semi.o)
    0x080005be   0x080005be   0x00000000   Code   RO         6748    .text               c_w.l(indicate_semi.o)
    0x080005be   0x080005be   0x00000002   PAD
    0x080005c0   0x080005c0   0x00000070   Code   RO         1198    i.ADC_Disable       stm32g4xx_hal_adc.o
    0x08000630   0x08000630   0x000000ac   Code   RO         1199    i.ADC_Enable        stm32g4xx_hal_adc.o
    0x080006dc   0x080006dc   0x00000054   Code   RO          495    i.AS5047P_get_rawdata  as5047p.o
    0x08000730   0x08000730   0x00000002   Code   RO         1076    i.BusFault_Handler  stm32g4xx_it.o
    0x08000732   0x08000732   0x00000002   PAD
    0x08000734   0x08000734   0x0000000c   Code   RO         1077    i.DMA1_Channel1_IRQHandler  stm32g4xx_it.o
    0x08000740   0x08000740   0x0000000c   Code   RO         1078    i.DMA1_Channel2_IRQHandler  stm32g4xx_it.o
    0x0800074c   0x0800074c   0x00000040   Code   RO         2492    i.DMA_CalcDMAMUXChannelBaseAndMask  stm32g4xx_hal_dma.o
    0x0800078c   0x0800078c   0x00000024   Code   RO         2493    i.DMA_CalcDMAMUXRequestGenBaseAndMask  stm32g4xx_hal_dma.o
    0x080007b0   0x080007b0   0x0000003e   Code   RO         2494    i.DMA_SetConfig     stm32g4xx_hal_dma.o
    0x080007ee   0x080007ee   0x00000002   Code   RO         1079    i.DebugMon_Handler  stm32g4xx_it.o
    0x080007f0   0x080007f0   0x00000024   Code   RO          471    i.Enable_DWT_CycleCounter  dwt.o
    0x08000814   0x08000814   0x00000004   Code   RO          570    i.Error_Handler     main.o
    0x08000818   0x08000818   0x00000040   Code   RO         3669    i.FMAC_Reset        stm32g4xx_hal_fmac.o
    0x08000858   0x08000858   0x00000012   Code   RO         3670    i.FMAC_ResetDataPointers  stm32g4xx_hal_fmac.o
    0x0800086a   0x0800086a   0x00000010   Code   RO         3671    i.FMAC_ResetInputStateAndDataPointers  stm32g4xx_hal_fmac.o
    0x0800087a   0x0800087a   0x00000010   Code   RO         3672    i.FMAC_ResetOutputStateAndDataPointers  stm32g4xx_hal_fmac.o
    0x0800088a   0x0800088a   0x00000002   PAD
    0x0800088c   0x0800088c   0x00000204   Code   RO          274    i.FOC_clark_park    foc.o
    0x08000a90   0x08000a90   0x00000090   Code   RO          276    i.FOC_setCurrent    foc.o
    0x08000b20   0x08000b20   0x00000094   Code   RO         1432    i.HAL_ADCEx_Calibration_Start  stm32g4xx_hal_adc_ex.o
    0x08000bb4   0x08000bb4   0x00000518   Code   RO         1438    i.HAL_ADCEx_InjectedConfigChannel  stm32g4xx_hal_adc_ex.o
    0x080010cc   0x080010cc   0x000000e8   Code   RO         1443    i.HAL_ADCEx_InjectedStart  stm32g4xx_hal_adc_ex.o
    0x080011b4   0x080011b4   0x00000424   Code   RO         1201    i.HAL_ADC_ConfigChannel  stm32g4xx_hal_adc.o
    0x080015d8   0x080015d8   0x000001f4   Code   RO         1210    i.HAL_ADC_Init      stm32g4xx_hal_adc.o
    0x080017cc   0x080017cc   0x00000074   Code   RO          686    i.HAL_ADC_MspInit   adc.o
    0x08001840   0x08001840   0x00000034   Code   RO         3162    i.HAL_CORDIC_Init   stm32g4xx_hal_cordic.o
    0x08001874   0x08001874   0x00000028   Code   RO          728    i.HAL_CORDIC_MspInit  cordic.o
    0x0800189c   0x0800189c   0x0000006a   Code   RO         2495    i.HAL_DMA_Abort     stm32g4xx_hal_dma.o
    0x08001906   0x08001906   0x00000078   Code   RO         2496    i.HAL_DMA_Abort_IT  stm32g4xx_hal_dma.o
    0x0800197e   0x0800197e   0x00000004   Code   RO         2498    i.HAL_DMA_GetError  stm32g4xx_hal_dma.o
    0x08001982   0x08001982   0x000000ba   Code   RO         2500    i.HAL_DMA_IRQHandler  stm32g4xx_hal_dma.o
    0x08001a3c   0x08001a3c   0x000000c0   Code   RO         2501    i.HAL_DMA_Init      stm32g4xx_hal_dma.o
    0x08001afc   0x08001afc   0x0000008c   Code   RO         2505    i.HAL_DMA_Start_IT  stm32g4xx_hal_dma.o
    0x08001b88   0x08001b88   0x00000024   Code   RO         1648    i.HAL_Delay         stm32g4xx_hal.o
    0x08001bac   0x08001bac   0x00000204   Code   RO         3317    i.HAL_FDCAN_Init    stm32g4xx_hal_fdcan.o
    0x08001db0   0x08001db0   0x0000007c   Code   RO          794    i.HAL_FDCAN_MspInit  fdcan.o
    0x08001e2c   0x08001e2c   0x00000054   Code   RO         3694    i.HAL_FMAC_Init     stm32g4xx_hal_fmac.o
    0x08001e80   0x08001e80   0x00000028   Code   RO          836    i.HAL_FMAC_MspInit  fmac.o
    0x08001ea8   0x08001ea8   0x00000248   Code   RO         2357    i.HAL_GPIO_Init     stm32g4xx_hal_gpio.o
    0x080020f0   0x080020f0   0x0000000a   Code   RO         2361    i.HAL_GPIO_WritePin  stm32g4xx_hal_gpio.o
    0x080020fa   0x080020fa   0x00000002   PAD
    0x080020fc   0x080020fc   0x0000000c   Code   RO         1652    i.HAL_GetTick       stm32g4xx_hal.o
    0x08002108   0x08002108   0x00000056   Code   RO         4376    i.HAL_I2CEx_ConfigAnalogFilter  stm32g4xx_hal_i2c_ex.o
    0x0800215e   0x0800215e   0x00000052   Code   RO         4377    i.HAL_I2CEx_ConfigDigitalFilter  stm32g4xx_hal_i2c_ex.o
    0x080021b0   0x080021b0   0x00000028   Code   RO         4380    i.HAL_I2CEx_EnableFastModePlus  stm32g4xx_hal_i2c_ex.o
    0x080021d8   0x080021d8   0x000000bc   Code   RO         3915    i.HAL_I2C_Init      stm32g4xx_hal_i2c.o
    0x08002294   0x08002294   0x000000a4   Code   RO          878    i.HAL_I2C_MspInit   i2c.o
    0x08002338   0x08002338   0x00000010   Code   RO         1658    i.HAL_IncTick       stm32g4xx_hal.o
    0x08002348   0x08002348   0x0000001e   Code   RO         1659    i.HAL_Init          stm32g4xx_hal.o
    0x08002366   0x08002366   0x00000002   PAD
    0x08002368   0x08002368   0x00000044   Code   RO         1660    i.HAL_InitTick      stm32g4xx_hal.o
    0x080023ac   0x080023ac   0x00000030   Code   RO         1170    i.HAL_MspInit       stm32g4xx_hal_msp.o
    0x080023dc   0x080023dc   0x0000001a   Code   RO         3006    i.HAL_NVIC_EnableIRQ  stm32g4xx_hal_cortex.o
    0x080023f6   0x080023f6   0x00000002   PAD
    0x080023f8   0x080023f8   0x00000040   Code   RO         3012    i.HAL_NVIC_SetPriority  stm32g4xx_hal_cortex.o
    0x08002438   0x08002438   0x00000024   Code   RO         3013    i.HAL_NVIC_SetPriorityGrouping  stm32g4xx_hal_cortex.o
    0x0800245c   0x0800245c   0x000000bc   Code   RO         2760    i.HAL_PWREx_ControlVoltageScaling  stm32g4xx_hal_pwr_ex.o
    0x08002518   0x08002518   0x00000010   Code   RO         2772    i.HAL_PWREx_DisableUCPDDeadBattery  stm32g4xx_hal_pwr_ex.o
    0x08002528   0x08002528   0x00000288   Code   RO         2019    i.HAL_RCCEx_PeriphCLKConfig  stm32g4xx_hal_rcc_ex.o
    0x080027b0   0x080027b0   0x000001dc   Code   RO         1894    i.HAL_RCC_ClockConfig  stm32g4xx_hal_rcc.o
    0x0800298c   0x0800298c   0x00000024   Code   RO         1902    i.HAL_RCC_GetPCLK1Freq  stm32g4xx_hal_rcc.o
    0x080029b0   0x080029b0   0x00000024   Code   RO         1903    i.HAL_RCC_GetPCLK2Freq  stm32g4xx_hal_rcc.o
    0x080029d4   0x080029d4   0x0000006c   Code   RO         1904    i.HAL_RCC_GetSysClockFreq  stm32g4xx_hal_rcc.o
    0x08002a40   0x08002a40   0x00000404   Code   RO         1907    i.HAL_RCC_OscConfig  stm32g4xx_hal_rcc.o
    0x08002e44   0x08002e44   0x000000ea   Code   RO         4441    i.HAL_SPI_Init      stm32g4xx_hal_spi.o
    0x08002f2e   0x08002f2e   0x00000002   PAD
    0x08002f30   0x08002f30   0x00000060   Code   RO          920    i.HAL_SPI_MspInit   spi.o
    0x08002f90   0x08002f90   0x00000272   Code   RO         4450    i.HAL_SPI_TransmitReceive  stm32g4xx_hal_spi.o
    0x08003202   0x08003202   0x00000028   Code   RO         3017    i.HAL_SYSTICK_Config  stm32g4xx_hal_cortex.o
    0x0800322a   0x0800322a   0x00000002   PAD
    0x0800322c   0x0800322c   0x0000009c   Code   RO         5502    i.HAL_TIMEx_ConfigBreakDeadTime  stm32g4xx_hal_tim_ex.o
    0x080032c8   0x080032c8   0x0000000e   Code   RO         5520    i.HAL_TIMEx_EnableDeadTimePreload  stm32g4xx_hal_tim_ex.o
    0x080032d6   0x080032d6   0x00000002   PAD
    0x080032d8   0x080032d8   0x0000009c   Code   RO         5539    i.HAL_TIMEx_MasterConfigSynchronization  stm32g4xx_hal_tim_ex.o
    0x08003374   0x08003374   0x000000b8   Code   RO         5551    i.HAL_TIMEx_PWMN_Start  stm32g4xx_hal_tim_ex.o
    0x0800342c   0x0800342c   0x00000062   Code   RO         4783    i.HAL_TIM_Base_Init  stm32g4xx_hal_tim.o
    0x0800348e   0x0800348e   0x00000002   PAD
    0x08003490   0x08003490   0x00000024   Code   RO          962    i.HAL_TIM_Base_MspInit  tim.o
    0x080034b4   0x080034b4   0x0000006c   Code   RO         4786    i.HAL_TIM_Base_Start  stm32g4xx_hal_tim.o
    0x08003520   0x08003520   0x00000100   Code   RO         4792    i.HAL_TIM_ConfigClockSource  stm32g4xx_hal_tim.o
    0x08003620   0x08003620   0x00000094   Code   RO          963    i.HAL_TIM_MspPostInit  tim.o
    0x080036b4   0x080036b4   0x00000124   Code   RO         4855    i.HAL_TIM_PWM_ConfigChannel  stm32g4xx_hal_tim.o
    0x080037d8   0x080037d8   0x00000062   Code   RO         4858    i.HAL_TIM_PWM_Init  stm32g4xx_hal_tim.o
    0x0800383a   0x0800383a   0x00000002   PAD
    0x0800383c   0x0800383c   0x00000028   Code   RO          965    i.HAL_TIM_PWM_MspInit  tim.o
    0x08003864   0x08003864   0x000000fc   Code   RO         4863    i.HAL_TIM_PWM_Start  stm32g4xx_hal_tim.o
    0x08003960   0x08003960   0x0000003e   Code   RO         6346    i.HAL_UARTEx_DisableFifoMode  stm32g4xx_hal_uart_ex.o
    0x0800399e   0x0800399e   0x0000004a   Code   RO         6352    i.HAL_UARTEx_ReceiveToIdle_DMA  stm32g4xx_hal_uart_ex.o
    0x080039e8   0x080039e8   0x0000004c   Code   RO         1027    i.HAL_UARTEx_RxEventCallback  usart.o
    0x08003a34   0x08003a34   0x00000002   Code   RO         6354    i.HAL_UARTEx_RxFifoFullCallback  stm32g4xx_hal_uart_ex.o
    0x08003a36   0x08003a36   0x0000004c   Code   RO         6355    i.HAL_UARTEx_SetRxFifoThreshold  stm32g4xx_hal_uart_ex.o
    0x08003a82   0x08003a82   0x0000004c   Code   RO         6356    i.HAL_UARTEx_SetTxFifoThreshold  stm32g4xx_hal_uart_ex.o
    0x08003ace   0x08003ace   0x00000002   Code   RO         6358    i.HAL_UARTEx_TxFifoEmptyCallback  stm32g4xx_hal_uart_ex.o
    0x08003ad0   0x08003ad0   0x00000002   Code   RO         6359    i.HAL_UARTEx_WakeupCallback  stm32g4xx_hal_uart_ex.o
    0x08003ad2   0x08003ad2   0x00000094   Code   RO         5947    i.HAL_UART_DMAStop  stm32g4xx_hal_uart.o
    0x08003b66   0x08003b66   0x00000002   Code   RO         5951    i.HAL_UART_ErrorCallback  stm32g4xx_hal_uart.o
    0x08003b68   0x08003b68   0x0000031c   Code   RO         5954    i.HAL_UART_IRQHandler  stm32g4xx_hal_uart.o
    0x08003e84   0x08003e84   0x0000006a   Code   RO         5955    i.HAL_UART_Init     stm32g4xx_hal_uart.o
    0x08003eee   0x08003eee   0x00000002   PAD
    0x08003ef0   0x08003ef0   0x000000f0   Code   RO         1029    i.HAL_UART_MspInit  usart.o
    0x08003fe0   0x08003fe0   0x00000002   Code   RO         5962    i.HAL_UART_RxCpltCallback  stm32g4xx_hal_uart.o
    0x08003fe2   0x08003fe2   0x00000002   Code   RO         5963    i.HAL_UART_RxHalfCpltCallback  stm32g4xx_hal_uart.o
    0x08003fe4   0x08003fe4   0x00000090   Code   RO         5965    i.HAL_UART_Transmit_DMA  stm32g4xx_hal_uart.o
    0x08004074   0x08004074   0x00000002   Code   RO         5967    i.HAL_UART_TxCpltCallback  stm32g4xx_hal_uart.o
    0x08004076   0x08004076   0x00000002   Code   RO         5968    i.HAL_UART_TxHalfCpltCallback  stm32g4xx_hal_uart.o
    0x08004078   0x08004078   0x00000002   Code   RO         1080    i.HardFault_Handler  stm32g4xx_it.o
    0x0800407a   0x0800407a   0x0000000c   Code   RO         1224    i.LL_ADC_GetOffsetChannel  stm32g4xx_hal_adc.o
    0x08004086   0x08004086   0x0000000c   Code   RO         1457    i.LL_ADC_GetOffsetChannel  stm32g4xx_hal_adc_ex.o
    0x08004092   0x08004092   0x00000008   Code   RO         1225    i.LL_ADC_INJ_IsConversionOngoing  stm32g4xx_hal_adc.o
    0x0800409a   0x0800409a   0x00000008   Code   RO         1458    i.LL_ADC_INJ_IsConversionOngoing  stm32g4xx_hal_adc_ex.o
    0x080040a2   0x080040a2   0x00000008   Code   RO         1226    i.LL_ADC_REG_IsConversionOngoing  stm32g4xx_hal_adc.o
    0x080040aa   0x080040aa   0x00000008   Code   RO         1459    i.LL_ADC_REG_IsConversionOngoing  stm32g4xx_hal_adc_ex.o
    0x080040b2   0x080040b2   0x0000001e   Code   RO         1229    i.LL_ADC_SetChannelSamplingTime  stm32g4xx_hal_adc.o
    0x080040d0   0x080040d0   0x0000001e   Code   RO         1460    i.LL_ADC_SetChannelSamplingTime  stm32g4xx_hal_adc_ex.o
    0x080040ee   0x080040ee   0x00000010   Code   RO         1230    i.LL_ADC_SetOffsetState  stm32g4xx_hal_adc.o
    0x080040fe   0x080040fe   0x00000010   Code   RO         1461    i.LL_ADC_SetOffsetState  stm32g4xx_hal_adc_ex.o
    0x0800410e   0x0800410e   0x00000002   PAD
    0x08004110   0x08004110   0x0000009c   Code   RO          423    i.LowPass_Fillter   lowpass_fillter.o
    0x080041ac   0x080041ac   0x000000dc   Code   RO          687    i.MX_ADC2_Init      adc.o
    0x08004288   0x08004288   0x00000024   Code   RO          729    i.MX_CORDIC_Init    cordic.o
    0x080042ac   0x080042ac   0x0000004c   Code   RO          769    i.MX_DMA_Init       dma.o
    0x080042f8   0x080042f8   0x0000004c   Code   RO          795    i.MX_FDCAN1_Init    fdcan.o
    0x08004344   0x08004344   0x00000024   Code   RO          837    i.MX_FMAC_Init      fmac.o
    0x08004368   0x08004368   0x00000070   Code   RO          661    i.MX_GPIO_Init      gpio.o
    0x080043d8   0x080043d8   0x0000005c   Code   RO          879    i.MX_I2C1_Init      i2c.o
    0x08004434   0x08004434   0x00000050   Code   RO          921    i.MX_SPI1_Init      spi.o
    0x08004484   0x08004484   0x000000f4   Code   RO          966    i.MX_TIM1_Init      tim.o
    0x08004578   0x08004578   0x00000064   Code   RO          967    i.MX_TIM2_Init      tim.o
    0x080045dc   0x080045dc   0x00000080   Code   RO         1030    i.MX_USART2_UART_Init  usart.o
    0x0800465c   0x0800465c   0x00000002   Code   RO         1081    i.MemManage_Handler  stm32g4xx_it.o
    0x0800465e   0x0800465e   0x00000002   Code   RO         1082    i.NMI_Handler       stm32g4xx_it.o
    0x08004660   0x08004660   0x00000130   Code   RO          447    i.PID               pid.o
    0x08004790   0x08004790   0x00000002   Code   RO         1083    i.PendSV_Handler    stm32g4xx_it.o
    0x08004792   0x08004792   0x00000018   Code   RO          498    i.SPI_AS5047P_Init  as5047p.o
    0x080047aa   0x080047aa   0x00000048   Code   RO         4479    i.SPI_EndRxTxTransaction  stm32g4xx_hal_spi.o
    0x080047f2   0x080047f2   0x0000003e   Code   RO          499    i.SPI_Send_Receive_Data  as5047p.o
    0x08004830   0x08004830   0x000000e0   Code   RO         4484    i.SPI_WaitFifoStateUntilTimeout  stm32g4xx_hal_spi.o
    0x08004910   0x08004910   0x000000b8   Code   RO         4485    i.SPI_WaitFlagStateUntilTimeout  stm32g4xx_hal_spi.o
    0x080049c8   0x080049c8   0x00000002   Code   RO         1084    i.SVC_Handler       stm32g4xx_it.o
    0x080049ca   0x080049ca   0x00000002   PAD
    0x080049cc   0x080049cc   0x0000006c   Code   RO          500    i.Sensor_AS5047P_Calculate_rotations  as5047p.o
    0x08004a38   0x08004a38   0x00000004   Code   RO         1085    i.SysTick_Handler   stm32g4xx_it.o
    0x08004a3c   0x08004a3c   0x00000064   Code   RO          571    i.SystemClock_Config  main.o
    0x08004aa0   0x08004aa0   0x00000010   Code   RO         6465    i.SystemInit        system_stm32g4xx.o
    0x08004ab0   0x08004ab0   0x000000bc   Code   RO         4876    i.TIM_Base_SetConfig  stm32g4xx_hal_tim.o
    0x08004b6c   0x08004b6c   0x0000001a   Code   RO         4877    i.TIM_CCxChannelCmd  stm32g4xx_hal_tim.o
    0x08004b86   0x08004b86   0x0000001a   Code   RO         5563    i.TIM_CCxNChannelCmd  stm32g4xx_hal_tim_ex.o
    0x08004ba0   0x08004ba0   0x00000014   Code   RO         4887    i.TIM_ETR_SetConfig  stm32g4xx_hal_tim.o
    0x08004bb4   0x08004bb4   0x00000014   Code   RO         4888    i.TIM_ITRx_SetConfig  stm32g4xx_hal_tim.o
    0x08004bc8   0x08004bc8   0x0000009c   Code   RO         4889    i.TIM_OC1_SetConfig  stm32g4xx_hal_tim.o
    0x08004c64   0x08004c64   0x00000090   Code   RO         4890    i.TIM_OC2_SetConfig  stm32g4xx_hal_tim.o
    0x08004cf4   0x08004cf4   0x00000090   Code   RO         4891    i.TIM_OC3_SetConfig  stm32g4xx_hal_tim.o
    0x08004d84   0x08004d84   0x00000090   Code   RO         4892    i.TIM_OC4_SetConfig  stm32g4xx_hal_tim.o
    0x08004e14   0x08004e14   0x00000070   Code   RO         4893    i.TIM_OC5_SetConfig  stm32g4xx_hal_tim.o
    0x08004e84   0x08004e84   0x00000070   Code   RO         4894    i.TIM_OC6_SetConfig  stm32g4xx_hal_tim.o
    0x08004ef4   0x08004ef4   0x00000022   Code   RO         4896    i.TIM_TI1_ConfigInputStage  stm32g4xx_hal_tim.o
    0x08004f16   0x08004f16   0x00000024   Code   RO         4898    i.TIM_TI2_ConfigInputStage  stm32g4xx_hal_tim.o
    0x08004f3a   0x08004f3a   0x00000002   PAD
    0x08004f3c   0x08004f3c   0x00000044   Code   RO         6360    i.UARTEx_SetNbDataToProcess  stm32g4xx_hal_uart_ex.o
    0x08004f80   0x08004f80   0x000000c8   Code   RO         5969    i.UART_AdvFeatureConfig  stm32g4xx_hal_uart.o
    0x08005048   0x08005048   0x000000ac   Code   RO         5970    i.UART_CheckIdleState  stm32g4xx_hal_uart.o
    0x080050f4   0x080050f4   0x00000010   Code   RO         5971    i.UART_DMAAbortOnError  stm32g4xx_hal_uart.o
    0x08005104   0x08005104   0x00000050   Code   RO         5972    i.UART_DMAError     stm32g4xx_hal_uart.o
    0x08005154   0x08005154   0x00000086   Code   RO         5973    i.UART_DMAReceiveCplt  stm32g4xx_hal_uart.o
    0x080051da   0x080051da   0x00000020   Code   RO         5975    i.UART_DMARxHalfCplt  stm32g4xx_hal_uart.o
    0x080051fa   0x080051fa   0x00000042   Code   RO         5977    i.UART_DMATransmitCplt  stm32g4xx_hal_uart.o
    0x0800523c   0x0800523c   0x0000000a   Code   RO         5979    i.UART_DMATxHalfCplt  stm32g4xx_hal_uart.o
    0x08005246   0x08005246   0x00000002   PAD
    0x08005248   0x08005248   0x00000054   Code   RO         5981    i.UART_EndRxTransfer  stm32g4xx_hal_uart.o
    0x0800529c   0x0800529c   0x0000002e   Code   RO         5982    i.UART_EndTxTransfer  stm32g4xx_hal_uart.o
    0x080052ca   0x080052ca   0x00000002   PAD
    0x080052cc   0x080052cc   0x00000274   Code   RO         5987    i.UART_SetConfig    stm32g4xx_hal_uart.o
    0x08005540   0x08005540   0x000000a8   Code   RO         5988    i.UART_Start_Receive_DMA  stm32g4xx_hal_uart.o
    0x080055e8   0x080055e8   0x00000094   Code   RO         5994    i.UART_WaitOnFlagUntilTimeout  stm32g4xx_hal_uart.o
    0x0800567c   0x0800567c   0x0000000c   Code   RO         1086    i.USART2_IRQHandler  stm32g4xx_it.o
    0x08005688   0x08005688   0x00000002   Code   RO         1087    i.UsageFault_Handler  stm32g4xx_it.o
    0x0800568a   0x0800568a   0x00000030   Code   RO         6651    i.__ARM_fpclassify  m_wm.l(fpclassify.o)
    0x080056ba   0x080056ba   0x00000020   Code   RO         3019    i.__NVIC_SetPriority  stm32g4xx_hal_cortex.o
    0x080056da   0x080056da   0x00000006   PAD
    0x080056e0   0x080056e0   0x00000118   Code   RO         6537    i.__hardfp_floor    m_wm.l(floor.o)
    0x080057f8   0x080057f8   0x00000104   Code   RO         6543    i.__hardfp_fmod     m_wm.l(fmod.o)
    0x080058fc   0x080058fc   0x00000004   PAD
    0x08005900   0x08005900   0x000000c8   Code   RO         6555    i.__hardfp_sin      m_wm.l(sin.o)
    0x080059c8   0x080059c8   0x00000438   Code   RO         6606    i.__ieee754_rem_pio2  m_wm.l(rred.o)
    0x08005e00   0x08005e00   0x00000170   Code   RO         6589    i.__kernel_cos      m_wm.l(cos_i.o)
    0x08005f70   0x08005f70   0x000000f8   Code   RO         6653    i.__kernel_poly     m_wm.l(poly.o)
    0x08006068   0x08006068   0x00000130   Code   RO         6611    i.__kernel_sin      m_wm.l(sin_i.o)
    0x08006198   0x08006198   0x00000014   Code   RO         6593    i.__mathlib_dbl_infnan  m_wm.l(dunder.o)
    0x080061ac   0x080061ac   0x00000004   PAD
    0x080061b0   0x080061b0   0x00000020   Code   RO         6595    i.__mathlib_dbl_invalid  m_wm.l(dunder.o)
    0x080061d0   0x080061d0   0x00000020   Code   RO         6598    i.__mathlib_dbl_underflow  m_wm.l(dunder.o)
    0x080061f0   0x080061f0   0x00000024   Code   RO          279    i._electricalAngle  foc.o
    0x08006214   0x08006214   0x00000044   Code   RO          281    i._normalizeAngle   foc.o
    0x08006258   0x08006258   0x000000d0   Code   RO          219    i.calculate_current  electricity.o
    0x08006328   0x08006328   0x0000002c   Code   RO          282    i.calculate_variety  foc.o
    0x08006354   0x08006354   0x0000001a   Code   RO          503    i.check_even_bit    as5047p.o
    0x0800636e   0x0800636e   0x00000002   PAD
    0x08006370   0x08006370   0x000000a4   Code   RO          220    i.electricity_init  electricity.o
    0x08006414   0x08006414   0x00000018   Code   RO         6647    i.fabs              m_wm.l(fabs.o)
    0x0800642c   0x0800642c   0x00000090   Code   RO          572    i.fast_atof         main.o
    0x080064bc   0x080064bc   0x0000005c   Code   RO          283    i.find_cos_in_table  foc.o
    0x08006518   0x08006518   0x0000005c   Code   RO          284    i.find_sin_in_table  foc.o
    0x08006574   0x08006574   0x0000002c   Code   RO          285    i.getCurrent_fillter  foc.o
    0x080065a0   0x080065a0   0x00000030   Code   RO          573    i.if_serial_receive_data  main.o
    0x080065d0   0x080065d0   0x00000180   Code   RO          574    i.main              main.o
    0x08006750   0x08006750   0x0000000c   Code   RO          575    i.micros            main.o
    0x0800675c   0x0800675c   0x00000094   Code   RO          287    i.setMotor          foc.o
    0x080067f0   0x080067f0   0x000000ac   Code   RO          288    i.setPwm            foc.o
    0x0800689c   0x0800689c   0x00000018   Code   RO         6574    x$fpl$basic         fz_wm.l(basic.o)
    0x080068b4   0x080068b4   0x00000062   Code   RO         6515    x$fpl$d2f           fz_wm.l(d2f.o)
    0x08006916   0x08006916   0x00000002   PAD
    0x08006918   0x08006918   0x00000150   Code   RO         6517    x$fpl$dadd          fz_wm.l(daddsub_clz.o)
    0x08006a68   0x08006a68   0x00000018   Code   RO         6672    x$fpl$dcmpinf       fz_wm.l(dcmpi.o)
    0x08006a80   0x08006a80   0x000002b0   Code   RO         6640    x$fpl$ddiv          fz_wm.l(ddiv.o)
    0x08006d30   0x08006d30   0x0000005e   Code   RO         6523    x$fpl$dfix          fz_wm.l(dfix.o)
    0x08006d8e   0x08006d8e   0x0000002e   Code   RO         6528    x$fpl$dflt          fz_wm.l(dflt_clz.o)
    0x08006dbc   0x08006dbc   0x00000026   Code   RO         6527    x$fpl$dfltu         fz_wm.l(dflt_clz.o)
    0x08006de2   0x08006de2   0x00000002   PAD
    0x08006de4   0x08006de4   0x00000078   Code   RO         6643    x$fpl$dleqf         fz_wm.l(dleqf.o)
    0x08006e5c   0x08006e5c   0x00000154   Code   RO         6533    x$fpl$dmul          fz_wm.l(dmul.o)
    0x08006fb0   0x08006fb0   0x0000009c   Code   RO         6576    x$fpl$dnaninf       fz_wm.l(dnaninf.o)
    0x0800704c   0x0800704c   0x00000150   Code   RO         6578    x$fpl$drem          fz_wm.l(drem_clz.o)
    0x0800719c   0x0800719c   0x0000000c   Code   RO         6580    x$fpl$dretinf       fz_wm.l(dretinf.o)
    0x080071a8   0x080071a8   0x0000006c   Code   RO         6582    x$fpl$drleqf        fz_wm.l(drleqf.o)
    0x08007214   0x08007214   0x00000016   Code   RO         6518    x$fpl$drsb          fz_wm.l(daddsub_clz.o)
    0x0800722a   0x0800722a   0x00000002   PAD
    0x0800722c   0x0800722c   0x000001d4   Code   RO         6519    x$fpl$dsub          fz_wm.l(daddsub_clz.o)
    0x08007400   0x08007400   0x00000056   Code   RO         6535    x$fpl$f2d           fz_wm.l(f2d.o)
    0x08007456   0x08007456   0x0000008c   Code   RO         6584    x$fpl$fnaninf       fz_wm.l(fnaninf.o)
    0x080074e2   0x080074e2   0x0000000a   Code   RO         6742    x$fpl$fpinit        fz_wm.l(fpinit.o)
    0x080074ec   0x080074ec   0x0000000a   Code   RO         6586    x$fpl$fretinf       fz_wm.l(fretinf.o)
    0x080074f6   0x080074f6   0x00000000   Code   RO         6588    x$fpl$usenofp       fz_wm.l(usenofp.o)
    0x080074f6   0x080074f6   0x00000002   PAD
    0x080074f8   0x080074f8   0x00008000   Data   RO          290    .constdata          foc.o
    0x0800f4f8   0x0800f4f8   0x00000038   Data   RO          579    .constdata          main.o
    0x0800f530   0x0800f530   0x00000018   Data   RO         5995    .constdata          stm32g4xx_hal_uart.o
    0x0800f548   0x0800f548   0x00000010   Data   RO         6361    .constdata          stm32g4xx_hal_uart_ex.o
    0x0800f558   0x0800f558   0x00000010   Data   RO         6466    .constdata          system_stm32g4xx.o
    0x0800f568   0x0800f568   0x00000008   Data   RO         6467    .constdata          system_stm32g4xx.o
    0x0800f570   0x0800f570   0x00000030   Data   RO         6590    .constdata          m_wm.l(cos_i.o)
    0x0800f5a0   0x0800f5a0   0x000000c8   Data   RO         6608    .constdata          m_wm.l(rred.o)
    0x0800f668   0x0800f668   0x00000028   Data   RO         6612    .constdata          m_wm.l(sin_i.o)
    0x0800f690   0x0800f690   0x00000020   Data   RO         6798    Region$$Table       anon$$obj.o


    Execution Region RW_IRAM1 (Exec base: 0x20000000, Load base: 0x0800f6b0, Size: 0x00000b80, Max: 0x00008000, ABSOLUTE)

    Exec Addr    Load Addr    Size         Type   Attr      Idx    E Section Name        Object

    0x20000000   0x0800f6b0   0x00000018   Data   RW          221    .data               electricity.o
    0x20000018   0x0800f6c8   0x000000bc   Data   RW          295    .data               foc.o
    0x200000d4   0x0800f784   0x0000001c   Data   RW          504    .data               as5047p.o
    0x200000f0   0x0800f7a0   0x00000018   Data   RW          580    .data               main.o
    0x20000108   0x0800f7b8   0x00000004   Data   RW         1032    .data               usart.o
    0x2000010c   0x0800f7bc   0x0000000c   Data   RW         1679    .data               stm32g4xx_hal.o
    0x20000118   0x0800f7c8   0x00000004   Data   RW         6468    .data               system_stm32g4xx.o
    0x2000011c        -       0x00000010   Zero   RW          576    .bss                main.o
    0x2000012c        -       0x00000010   Zero   RW          577    .bss                main.o
    0x2000013c        -       0x0000000c   Zero   RW          578    .bss                main.o
    0x20000148        -       0x0000006c   Zero   RW          688    .bss                adc.o
    0x200001b4        -       0x00000028   Zero   RW          730    .bss                cordic.o
    0x200001dc        -       0x00000064   Zero   RW          796    .bss                fdcan.o
    0x20000240        -       0x00000038   Zero   RW          838    .bss                fmac.o
    0x20000278        -       0x00000054   Zero   RW          880    .bss                i2c.o
    0x200002cc        -       0x00000064   Zero   RW          922    .bss                spi.o
    0x20000330        -       0x00000098   Zero   RW          968    .bss                tim.o
    0x200003c8        -       0x00000154   Zero   RW         1031    .bss                usart.o
    0x2000051c        -       0x00000060   Zero   RW         6656    .bss                c_w.l(libspace.o)
    0x2000057c   0x0800f7cc   0x00000004   PAD
    0x20000580        -       0x00000200   Zero   RW            2    HEAP                startup_stm32g431xx.o
    0x20000780        -       0x00000400   Zero   RW            1    STACK               startup_stm32g431xx.o


==============================================================================

Image component sizes


      Code (inc. data)   RO Data    RW Data    ZI Data      Debug   Object Name

       336         26          0          0        108       1829   adc.o
       304         22          0         28          0       4355   as5047p.o
         0          0          0          0          0     726913   as5600.o
        76         18          0          0         40       1508   cordic.o
        76          4          0          0          0        786   dma.o
        36         10          0          0          0        458   dwt.o
       372         54          0         24          0       1864   electricity.o
       200         18          0          0        100       1707   fdcan.o
        76         18          0          0         56       1478   fmac.o
      1356        188      32768        188          0       9865   foc.o
       112          8          0          0          0        891   gpio.o
       256         26          0          0         84       1725   i2c.o
       156         14          0          0          0       1202   lowpass_fillter.o
       692         70         56         24         44       5767   main.o
       304          8          0          0          0       1354   pid.o
       176         18          0          0        100       1629   spi.o
        64         26        472          0       1536        828   startup_stm32g431xx.o
       162         24          0         12          0       4213   stm32g4xx_hal.o
      1918        112          0          0          0      75394   stm32g4xx_hal_adc.o
      1758         78          0          0          0      74158   stm32g4xx_hal_adc_ex.o
        52          0          0          0          0       1090   stm32g4xx_hal_cordic.o
       198         14          0          0          0      33743   stm32g4xx_hal_cortex.o
       910         30          0          0          0       6997   stm32g4xx_hal_dma.o
       516         18          0          0          0       3789   stm32g4xx_hal_fdcan.o
       198          0          0          0          0       5064   stm32g4xx_hal_fmac.o
       594         34          0          0          0       2296   stm32g4xx_hal_gpio.o
       188          4          0          0          0       3215   stm32g4xx_hal_i2c.o
       208         10          0          0          0       2522   stm32g4xx_hal_i2c_ex.o
        48          6          0          0          0        834   stm32g4xx_hal_msp.o
       204         18          0          0          0       1373   stm32g4xx_hal_pwr_ex.o
      1684         88          0          0          0       6172   stm32g4xx_hal_rcc.o
       648         10          0          0          0       1852   stm32g4xx_hal_rcc_ex.o
      1340         10          0          0          0       6205   stm32g4xx_hal_spi.o
      2240        256          0          0          0      14655   stm32g4xx_hal_tim.o
       536         58          0          0          0       4385   stm32g4xx_hal_tim_ex.o
      2988        110         24          0          0      36729   stm32g4xx_hal_uart.o
       362          6         16          0          0       6129   stm32g4xx_hal_uart_ex.o
        56         18          0          0          0       5408   stm32g4xx_it.o
        16          4         24          4          0       1079   system_stm32g4xx.o
       568         42          0          0        152       3611   tim.o
       444         52          0          4        340       2667   usart.o

    ----------------------------------------------------------------------
     22468       1530      33392        284       2560    1067739   Object Totals
         0          0         32          0          0          0   (incl. Generated)
        40          0          0          0          0          0   (incl. Padding)

    ----------------------------------------------------------------------

      Code (inc. data)   RO Data    RW Data    ZI Data      Debug   Library Member Name

         8          0          0          0          0         68   __main.o
         0          0          0          0          0          0   __rtentry.o
        12          0          0          0          0          0   __rtentry2.o
         6          0          0          0          0          0   __rtentry4.o
        52          8          0          0          0          0   __scatter.o
        26          0          0          0          0          0   __scatter_copy.o
        28          0          0          0          0          0   __scatter_zi.o
        22          0          0          0          0        100   _rserrno.o
        18          0          0          0          0         80   exit.o
         6          0          0          0          0        152   heapauxi.o
         0          0          0          0          0          0   indicate_semi.o
         2          0          0          0          0          0   libinit.o
         6          0          0          0          0          0   libinit2.o
         2          0          0          0          0          0   libshutdown.o
         2          0          0          0          0          0   libshutdown2.o
         8          4          0          0         96         68   libspace.o
       238          0          0          0          0        100   lludivv7m.o
         8          4          0          0          0         68   rt_errno_addr_intlibspace.o
        68          0          0          0          0         68   rt_memclr.o
        78          0          0          0          0         80   rt_memclr_w.o
       138          0          0          0          0         68   rt_memcpy_v6.o
       100          0          0          0          0         80   rt_memcpy_w.o
         2          0          0          0          0          0   rtexit.o
        10          0          0          0          0          0   rtexit2.o
        12          4          0          0          0         68   sys_exit.o
        74          0          0          0          0         80   sys_stackheap_outer.o
         2          0          0          0          0         68   use_no_semi.o
        24          0          0          0          0        164   basic.o
        98          4          0          0          0        140   d2f.o
       826         16          0          0          0        492   daddsub_clz.o
        24          0          0          0          0        116   dcmpi.o
       688        140          0          0          0        256   ddiv.o
        94          4          0          0          0        140   dfix.o
        84          0          0          0          0        232   dflt_clz.o
       120          4          0          0          0        140   dleqf.o
       340         12          0          0          0        152   dmul.o
       156          4          0          0          0        140   dnaninf.o
       336         12          0          0          0        136   drem_clz.o
        12          0          0          0          0        116   dretinf.o
       108          0          0          0          0        128   drleqf.o
        86          4          0          0          0        132   f2d.o
       140          4          0          0          0        132   fnaninf.o
        10          0          0          0          0        116   fpinit.o
        10          0          0          0          0        116   fretinf.o
         0          0          0          0          0          0   usenofp.o
       368         46         48          0          0        200   cos_i.o
        84         16          0          0          0        372   dunder.o
        24          0          0          0          0        124   fabs.o
       280         28          0          0          0        156   floor.o
       260          6          0          0          0        144   fmod.o
        48          0          0          0          0        124   fpclassify.o
       248          0          0          0          0        152   poly.o
      1080        142        200          0          0        188   rred.o
       200         20          0          0          0        164   sin.o
       304         24         40          0          0        208   sin_i.o

    ----------------------------------------------------------------------
      7004        510        288          0        100       5828   Library Totals
        24          4          0          0          4          0   (incl. Padding)

    ----------------------------------------------------------------------

      Code (inc. data)   RO Data    RW Data    ZI Data      Debug   Library Name

       928         20          0          0         96       1148   c_w.l
      3156        204          0          0          0       2848   fz_wm.l
      2896        282        288          0          0       1832   m_wm.l

    ----------------------------------------------------------------------
      7004        510        288          0        100       5828   Library Totals

    ----------------------------------------------------------------------

==============================================================================


      Code (inc. data)   RO Data    RW Data    ZI Data      Debug   

     29472       2040      33680        284       2660    1053347   Grand Totals
     29472       2040      33680        284       2660    1053347   ELF Image Totals
     29472       2040      33680        284          0          0   ROM Totals

==============================================================================

    Total RO  Size (Code + RO Data)                63152 (  61.67kB)
    Total RW  Size (RW Data + ZI Data)              2944 (   2.88kB)
    Total ROM Size (Code + RO Data + RW Data)      63436 (  61.95kB)

==============================================================================

